main.c:99:5:main	8	static
main.c:184:6:SystemClock_Config	88	static
main.c:229:13:MX_ADC1_Init	24	static
main.c:274:13:MX_ADC2_Init	24	static
main.c:319:13:MX_USART1_UART_Init	24	static
main.c:362:13:MX_USART2_UART_Init	8	static
main.c:390:13:USART_Process_Data	24	static
main.c:427:6:USART_POLL_WriteString	16	static
main.c:437:13:MX_GPIO_Init	40	static
main.c:490:6:USART_Process	16	static
main.c:511:6:GPIO_Process	16	static
main.c:539:6:HAL_TIM_PeriodElapsedCallback	16	static
main.c:556:6:Error_Handler	4	static,ignoring_inline_asm
