main.c:97:5:main	8	static
main.c:182:6:SystemClock_Config	88	static
main.c:227:13:MX_ADC1_Init	24	static
main.c:272:13:MX_ADC2_Init	24	static
main.c:317:13:MX_USART1_UART_Init	24	static
main.c:360:13:MX_USART2_UART_Init	8	static
main.c:388:13:USART_Process_Data	24	static
main.c:422:6:USART_POLL_WriteString	16	static
main.c:432:13:MX_GPIO_Init	40	static
main.c:485:6:USART_Process	16	static
main.c:506:6:GPIO_Process	16	static
main.c:534:6:HAL_TIM_PeriodElapsedCallback	16	static
main.c:551:6:Error_Handler	4	static,ignoring_inline_asm
