Archive member included to satisfy reference by file (symbol)

c:/st/stm32cubeide_1.6.0/stm32cubeide/plugins/com.st.stm32cube.ide.mcu.externaltools.gnu-tools-for-stm32.9-2020-q2-update.win32_1.5.0.202011040924/tools/bin/../lib/gcc/arm-none-eabi/9.3.1/../../../../arm-none-eabi/lib/thumb/v7-m/nofp\libc_nano.a(lib_a-assert.o)
                              Core/Src/ring_buffer.o (__assert_func)
c:/st/stm32cubeide_1.6.0/stm32cubeide/plugins/com.st.stm32cube.ide.mcu.externaltools.gnu-tools-for-stm32.9-2020-q2-update.win32_1.5.0.202011040924/tools/bin/../lib/gcc/arm-none-eabi/9.3.1/../../../../arm-none-eabi/lib/thumb/v7-m/nofp\libc_nano.a(lib_a-errno.o)
                              Core/Src/syscalls.o (__errno)
c:/st/stm32cubeide_1.6.0/stm32cubeide/plugins/com.st.stm32cube.ide.mcu.externaltools.gnu-tools-for-stm32.9-2020-q2-update.win32_1.5.0.202011040924/tools/bin/../lib/gcc/arm-none-eabi/9.3.1/../../../../arm-none-eabi/lib/thumb/v7-m/nofp\libc_nano.a(lib_a-exit.o)
                              c:/st/stm32cubeide_1.6.0/stm32cubeide/plugins/com.st.stm32cube.ide.mcu.externaltools.gnu-tools-for-stm32.9-2020-q2-update.win32_1.5.0.202011040924/tools/bin/../lib/gcc/arm-none-eabi/9.3.1/../../../../arm-none-eabi/lib/thumb/v7-m/nofp/crt0.o (exit)
c:/st/stm32cubeide_1.6.0/stm32cubeide/plugins/com.st.stm32cube.ide.mcu.externaltools.gnu-tools-for-stm32.9-2020-q2-update.win32_1.5.0.202011040924/tools/bin/../lib/gcc/arm-none-eabi/9.3.1/../../../../arm-none-eabi/lib/thumb/v7-m/nofp\libc_nano.a(lib_a-fprintf.o)
                              c:/st/stm32cubeide_1.6.0/stm32cubeide/plugins/com.st.stm32cube.ide.mcu.externaltools.gnu-tools-for-stm32.9-2020-q2-update.win32_1.5.0.202011040924/tools/bin/../lib/gcc/arm-none-eabi/9.3.1/../../../../arm-none-eabi/lib/thumb/v7-m/nofp\libc_nano.a(lib_a-assert.o) (fiprintf)
c:/st/stm32cubeide_1.6.0/stm32cubeide/plugins/com.st.stm32cube.ide.mcu.externaltools.gnu-tools-for-stm32.9-2020-q2-update.win32_1.5.0.202011040924/tools/bin/../lib/gcc/arm-none-eabi/9.3.1/../../../../arm-none-eabi/lib/thumb/v7-m/nofp\libc_nano.a(lib_a-impure.o)
                              c:/st/stm32cubeide_1.6.0/stm32cubeide/plugins/com.st.stm32cube.ide.mcu.externaltools.gnu-tools-for-stm32.9-2020-q2-update.win32_1.5.0.202011040924/tools/bin/../lib/gcc/arm-none-eabi/9.3.1/../../../../arm-none-eabi/lib/thumb/v7-m/nofp\libc_nano.a(lib_a-exit.o) (_global_impure_ptr)
c:/st/stm32cubeide_1.6.0/stm32cubeide/plugins/com.st.stm32cube.ide.mcu.externaltools.gnu-tools-for-stm32.9-2020-q2-update.win32_1.5.0.202011040924/tools/bin/../lib/gcc/arm-none-eabi/9.3.1/../../../../arm-none-eabi/lib/thumb/v7-m/nofp\libc_nano.a(lib_a-init.o)
                              c:/st/stm32cubeide_1.6.0/stm32cubeide/plugins/com.st.stm32cube.ide.mcu.externaltools.gnu-tools-for-stm32.9-2020-q2-update.win32_1.5.0.202011040924/tools/bin/../lib/gcc/arm-none-eabi/9.3.1/../../../../arm-none-eabi/lib/thumb/v7-m/nofp/crt0.o (__libc_init_array)
c:/st/stm32cubeide_1.6.0/stm32cubeide/plugins/com.st.stm32cube.ide.mcu.externaltools.gnu-tools-for-stm32.9-2020-q2-update.win32_1.5.0.202011040924/tools/bin/../lib/gcc/arm-none-eabi/9.3.1/../../../../arm-none-eabi/lib/thumb/v7-m/nofp\libc_nano.a(lib_a-memcpy-stub.o)
                              Middlewares/Third_Party/FreeRTOS/Source/CMSIS_RTOS_V2/cmsis_os2.o (memcpy)
c:/st/stm32cubeide_1.6.0/stm32cubeide/plugins/com.st.stm32cube.ide.mcu.externaltools.gnu-tools-for-stm32.9-2020-q2-update.win32_1.5.0.202011040924/tools/bin/../lib/gcc/arm-none-eabi/9.3.1/../../../../arm-none-eabi/lib/thumb/v7-m/nofp\libc_nano.a(lib_a-memset.o)
                              c:/st/stm32cubeide_1.6.0/stm32cubeide/plugins/com.st.stm32cube.ide.mcu.externaltools.gnu-tools-for-stm32.9-2020-q2-update.win32_1.5.0.202011040924/tools/bin/../lib/gcc/arm-none-eabi/9.3.1/../../../../arm-none-eabi/lib/thumb/v7-m/nofp/crt0.o (memset)
c:/st/stm32cubeide_1.6.0/stm32cubeide/plugins/com.st.stm32cube.ide.mcu.externaltools.gnu-tools-for-stm32.9-2020-q2-update.win32_1.5.0.202011040924/tools/bin/../lib/gcc/arm-none-eabi/9.3.1/../../../../arm-none-eabi/lib/thumb/v7-m/nofp\libc_nano.a(lib_a-nano-vfprintf.o)
                              c:/st/stm32cubeide_1.6.0/stm32cubeide/plugins/com.st.stm32cube.ide.mcu.externaltools.gnu-tools-for-stm32.9-2020-q2-update.win32_1.5.0.202011040924/tools/bin/../lib/gcc/arm-none-eabi/9.3.1/../../../../arm-none-eabi/lib/thumb/v7-m/nofp\libc_nano.a(lib_a-fprintf.o) (_vfprintf_r)
c:/st/stm32cubeide_1.6.0/stm32cubeide/plugins/com.st.stm32cube.ide.mcu.externaltools.gnu-tools-for-stm32.9-2020-q2-update.win32_1.5.0.202011040924/tools/bin/../lib/gcc/arm-none-eabi/9.3.1/../../../../arm-none-eabi/lib/thumb/v7-m/nofp\libc_nano.a(lib_a-nano-vfprintf_i.o)
[...]
Memory Configuration

Name             Origin             Length             Attributes
RAM              0x0000000020000000 0x0000000000005000 xrw
FLASH            0x0000000008000000 0x0000000000020000 xr
*default*        0x0000000000000000 0xffffffffffffffff

Linker script and memory map

LOAD c:/st/stm32cubeide_1.6.0/stm32cubeide/plugins/com.st.stm32cube.ide.mcu.externaltools.gnu-tools-for-stm32.9-2020-q2-update.win32_1.5.0.202011040924/tools/bin/../lib/gcc/arm-none-eabi/9.3.1/thumb/v7-m/nofp/crti.o
LOAD c:/st/stm32cubeide_1.6.0/stm32cubeide/plugins/com.st.stm32cube.ide.mcu.externaltools.gnu-tools-for-stm32.9-2020-q2-update.win32_1.5.0.202011040924/tools/bin/../lib/gcc/arm-none-eabi/9.3.1/thumb/v7-m/nofp/crtbegin.o
LOAD c:/st/stm32cubeide_1.6.0/stm32cubeide/plugins/com.st.stm32cube.ide.mcu.externaltools.gnu-tools-for-stm32.9-2020-q2-update.win32_1.5.0.202011040924/tools/bin/../lib/gcc/arm-none-eabi/9.3.1/../../../../arm-none-eabi/lib/thumb/v7-m/nofp/crt0.o
LOAD Core/Src/freertos.o
LOAD Core/Src/main.o
LOAD Core/Src/ring_buffer.o
LOAD Core/Src/stm32f1xx_hal_msp.o
LOAD Core/Src/stm32f1xx_hal_timebase_tim.o
LOAD Core/Src/stm32f1xx_it.o
LOAD Core/Src/syscalls.o
LOAD Core/Src/sysmem.o
LOAD Core/Src/system_stm32f1xx.o
LOAD Core/Startup/startup_stm32f103rbtx.o
LOAD Drivers/STM32F1xx_HAL_Driver/Src/stm32f1xx_hal.o
LOAD Drivers/STM32F1xx_HAL_Driver/Src/stm32f1xx_hal_adc.o
LOAD Drivers/STM32F1xx_HAL_Driver/Src/stm32f1xx_hal_adc_ex.o
LOAD Drivers/STM32F1xx_HAL_Driver/Src/stm32f1xx_hal_cortex.o
LOAD Drivers/STM32F1xx_HAL_Driver/Src/stm32f1xx_hal_dma.o
LOAD Drivers/STM32F1xx_HAL_Driver/Src/stm32f1xx_hal_exti.o
LOAD Drivers/STM32F1xx_HAL_Driver/Src/stm32f1xx_hal_flash.o
LOAD Drivers/STM32F1xx_HAL_Driver/Src/stm32f1xx_hal_flash_ex.o
LOAD Drivers/STM32F1xx_HAL_Driver/Src/stm32f1xx_hal_gpio.o
LOAD Drivers/STM32F1xx_HAL_Driver/Src/stm32f1xx_hal_gpio_ex.o
LOAD Drivers/STM32F1xx_HAL_Driver/Src/stm32f1xx_hal_pwr.o
LOAD Drivers/STM32F1xx_HAL_Driver/Src/stm32f1xx_hal_rcc.o
LOAD Drivers/STM32F1xx_HAL_Driver/Src/stm32f1xx_hal_rcc_ex.o
LOAD Drivers/STM32F1xx_HAL_Driver/Src/stm32f1xx_hal_tim.o
LOAD Drivers/STM32F1xx_HAL_Driver/Src/stm32f1xx_hal_tim_ex.o
LOAD Drivers/STM32F1xx_HAL_Driver/Src/stm32f1xx_hal_uart.o
LOAD Middlewares/Third_Party/FreeRTOS/Source/CMSIS_RTOS_V2/cmsis_os2.o
LOAD Middlewares/Third_Party/FreeRTOS/Source/croutine.o
LOAD Middlewares/Third_Party/FreeRTOS/Source/event_groups.o
LOAD Middlewares/Third_Party/FreeRTOS/Source/list.o
LOAD Middlewares/Third_Party/FreeRTOS/Source/queue.o
LOAD Middlewares/Third_Party/FreeRTOS/Source/stream_buffer.o
LOAD Middlewares/Third_Party/FreeRTOS/Source/tasks.o
LOAD Middlewares/Third_Party/FreeRTOS/Source/timers.o
LOAD Middlewares/Third_Party/FreeRTOS/Source/portable/GCC/ARM_CM3/port.o
LOAD Middlewares/Third_Party/FreeRTOS/Source/portable/MemMang/heap_4.o
START GROUP
LOAD c:/st/stm32cubeide_1.6.0/stm32cubeide/plugins/com.st.stm32cube.ide.mcu.externaltools.gnu-tools-for-stm32.9-2020-q2-update.win32_1.5.0.202011040924/tools/bin/../lib/gcc/arm-none-eabi/9.3.1/../../../../arm-none-eabi/lib/thumb/v7-m/nofp\libc_nano.a
LOAD c:/st/stm32cubeide_1.6.0/stm32cubeide/plugins/com.st.stm32cube.ide.mcu.externaltools.gnu-tools-for-stm32.9-2020-q2-update.win32_1.5.0.202011040924/tools/bin/../lib/gcc/arm-none-eabi/9.3.1/../../../../arm-none-eabi/lib/thumb/v7-m/nofp\libm.a
END GROUP
START GROUP
LOAD c:/st/stm32cubeide_1.6.0/stm32cubeide/plugins/com.st.stm32cube.ide.mcu.externaltools.gnu-tools-for-stm32.9-2020-q2-update.win32_1.5.0.202011040924/tools/bin/../lib/gcc/arm-none-eabi/9.3.1/thumb/v7-m/nofp\libgcc.a
LOAD c:/st/stm32cubeide_1.6.0/stm32cubeide/plugins/com.st.stm32cube.ide.mcu.externaltools.gnu-tools-for-stm32.9-2020-q2-update.win32_1.5.0.202011040924/tools/bin/../lib/gcc/arm-none-eabi/9.3.1/../../../../arm-none-eabi/lib/thumb/v7-m/nofp\libc_nano.a
END GROUP
START GROUP
LOAD c:/st/stm32cubeide_1.6.0/stm32cubeide/plugins/com.st.stm32cube.ide.mcu.externaltools.gnu-tools-for-stm32.9-2020-q2-update.win32_1.5.0.202011040924/tools/bin/../lib/gcc/arm-none-eabi/9.3.1/thumb/v7-m/nofp\libgcc.a
LOAD c:/st/stm32cubeide_1.6.0/stm32cubeide/plugins/com.st.stm32cube.ide.mcu.externaltools.gnu-tools-for-stm32.9-2020-q2-update.win32_1.5.0.202011040924/tools/bin/../lib/gcc/arm-none-eabi/9.3.1/../../../../arm-none-eabi/lib/thumb/v7-m/nofp\libc_nano.a
LOAD c:/st/stm32cubeide_1.6.0/stm32cubeide/plugins/com.st.stm32cube.ide.mcu.externaltools.gnu-tools-for-stm32.9-2020-q2-update.win32_1.5.0.202011040924/tools/bin/../lib/gcc/arm-none-eabi/9.3.1/../../../../arm-none-eabi/lib/thumb/v7-m/nofp\libnosys.a
END GROUP
START GROUP
LOAD c:/st/stm32cubeide_1.6.0/stm32cubeide/plugins/com.st.stm32cube.ide.mcu.externaltools.gnu-tools-for-stm32.9-2020-q2-update.win32_1.5.0.202011040924/tools/bin/../lib/gcc/arm-none-eabi/9.3.1/thumb/v7-m/nofp\libgcc.a
LOAD c:/st/stm32cubeide_1.6.0/stm32cubeide/plugins/com.st.stm32cube.ide.mcu.externaltools.gnu-tools-for-stm32.9-2020-q2-update.win32_1.5.0.202011040924/tools/bin/../lib/gcc/arm-none-eabi/9.3.1/../../../../arm-none-eabi/lib/thumb/v7-m/nofp\libc_nano.a
LOAD c:/st/stm32cubeide_1.6.0/stm32cubeide/plugins/com.st.stm32cube.ide.mcu.externaltools.gnu-tools-for-stm32.9-2020-q2-update.win32_1.5.0.202011040924/tools/bin/../lib/gcc/arm-none-eabi/9.3.1/../../../../arm-none-eabi/lib/thumb/v7-m/nofp\libnosys.a
END GROUP
LOAD c:/st/stm32cubeide_1.6.0/stm32cubeide/plugins/com.st.stm32cube.ide.mcu.externaltools.gnu-tools-for-stm32.9-2020-q2-update.win32_1.5.0.202011040924/tools/bin/../lib/gcc/arm-none-eabi/9.3.1/thumb/v7-m/nofp/crtend.o
LOAD c:/st/stm32cubeide_1.6.0/stm32cubeide/plugins/com.st.stm32cube.ide.mcu.externaltools.gnu-tools-for-stm32.9-2020-q2-update.win32_1.5.0.202011040924/tools/bin/../lib/gcc/arm-none-eabi/9.3.1/thumb/v7-m/nofp/crtn.o
                0x0000000020005000                _estack = (ORIGIN (RAM) + LENGTH (RAM))
                0x0000000000000200                _Min_Heap_Size = 0x200
                0x0000000000000400                _Min_Stack_Size = 0x400

.isr_vector     0x0000000008000000      0x10c
                0x0000000008000000                . = ALIGN (0x4)
 *(.isr_vector)
 .isr_vector    0x0000000008000000      0x10c Core/Startup/startup_stm32f103rbtx.o
                0x0000000008000000                g_pfnVectors
                0x000000000800010c                . = ALIGN (0x4)

.text           0x0000000008000110     0x559c
                0x0000000008000110                . = ALIGN (0x4)
 *(.text)
 .text          0x0000000008000110       0x40 c:/st/stm32cubeide_1.6.0/stm32cubeide/plugins/com.st.stm32cube.ide.mcu.externaltools.gnu-tools-for-stm32.9-2020-q2-update.win32_1.5.0.202011040924/tools/bin/../lib/gcc/arm-none-eabi/9.3.1/thumb/v7-m/nofp/crtbegin.o
 *(.text*)
 .text.main     0x0000000008000150       0x64 Core/Src/main.o
                0x0000000008000150                main
 .text.SystemClock_Config
                0x00000000080001b4       0xac Core/Src/main.o
                0x00000000080001b4                SystemClock_Config
 .text.MX_ADC1_Init
                0x0000000008000260       0x7c Core/Src/main.o
 .text.MX_ADC2_Init
                0x00000000080002dc       0x7c Core/Src/main.o
 .text.MX_USART1_UART_Init
                0x0000000008000358       0x8c Core/Src/main.o
 .text.MX_USART2_UART_Init
                0x00000000080003e4       0x54 Core/Src/main.o
 .text.USART_Process_Data
                0x0000000008000438      0x10c Core/Src/main.o
 .text.MX_GPIO_Init
                0x0000000008000544      0x108 Core/Src/main.o
 .text.USART_Process
                0x000000000800064c       0x2c Core/Src/main.o
                0x000000000800064c                USART_Process
 .text.GPIO_Process
                0x0000000008000678        0xa Core/Src/main.o
                0x0000000008000678                GPIO_Process
 *fill*         0x0000000008000682        0x2 
 .text.HAL_TIM_PeriodElapsedCallback
                0x0000000008000684       0x24 Core/Src/main.o
                0x0000000008000684                HAL_TIM_PeriodElapsedCallback
 .text.Error_Handler
                0x00000000080006a8        0xa Core/Src/main.o
                0x00000000080006a8                Error_Handler
 *fill*         0x00000000080006b2        0x2 
 .text.HAL_MspInit
                0x00000000080006b4       0x70 Core/Src/stm32f1xx_hal_msp.o
                0x00000000080006b4                HAL_MspInit
 .text.HAL_ADC_MspInit
                0x0000000008000724       0xcc Core/Src/stm32f1xx_hal_msp.o
                0x0000000008000724                HAL_ADC_MspInit
 .text.HAL_UART_MspInit
                0x00000000080007f0      0x100 Core/Src/stm32f1xx_hal_msp.o
                0x00000000080007f0                HAL_UART_MspInit
 .text.HAL_InitTick
                0x00000000080008f0       0xb0 Core/Src/stm32f1xx_hal_timebase_tim.o
                0x00000000080008f0                HAL_InitTick
 .text.NMI_Handler
                0x00000000080009a0        0x6 Core/Src/stm32f1xx_it.o
                0x00000000080009a0                NMI_Handler
 .text.HardFault_Handler
                0x00000000080009a6        0x6 Core/Src/stm32f1xx_it.o
                0x00000000080009a6                HardFault_Handler
 .text.MemManage_Handler
                0x00000000080009ac        0x6 Core/Src/stm32f1xx_it.o
                0x00000000080009ac                MemManage_Handler
 .text.BusFault_Handler
                0x00000000080009b2        0x6 Core/Src/stm32f1xx_it.o
                0x00000000080009b2                BusFault_Handler
 .text.UsageFault_Handler
                0x00000000080009b8        0x6 Core/Src/stm32f1xx_it.o
                0x00000000080009b8                UsageFault_Handler
 .text.DebugMon_Handler
                0x00000000080009be        0xc Core/Src/stm32f1xx_it.o
                0x00000000080009be                DebugMon_Handler
 *fill*         0x00000000080009ca        0x2 
 .text.TIM4_IRQHandler
                0x00000000080009cc       0x14 Core/Src/stm32f1xx_it.o
                0x00000000080009cc                TIM4_IRQHandler
 .text.USART1_IRQHandler
                0x00000000080009e0       0x14 Core/Src/stm32f1xx_it.o
                0x00000000080009e0                USART1_IRQHandler
 .text.EXTI15_10_IRQHandler
                0x00000000080009f4       0x10 Core/Src/stm32f1xx_it.o
                0x00000000080009f4                EXTI15_10_IRQHandler
 .text.SystemInit
                0x0000000008000a04        0xc Core/Src/system_stm32f1xx.o
                0x0000000008000a04                SystemInit
 .text.Reset_Handler
                0x0000000008000a10       0x48 Core/Startup/startup_stm32f103rbtx.o
                0x0000000008000a10                Reset_Handler
 .text.Default_Handler
                0x0000000008000a58        0x2 Core/Startup/startup_stm32f103rbtx.o
                0x0000000008000a58                RTC_Alarm_IRQHandler
                0x0000000008000a58                EXTI2_IRQHandler
                0x0000000008000a58                TIM1_CC_IRQHandler
                0x0000000008000a58                PVD_IRQHandler
                0x0000000008000a58                EXTI3_IRQHandler
                0x0000000008000a58                EXTI0_IRQHandler
                0x0000000008000a58                I2C2_EV_IRQHandler
                0x0000000008000a58                ADC1_2_IRQHandler
                0x0000000008000a58                SPI1_IRQHandler
                0x0000000008000a58                TAMPER_IRQHandler
                0x0000000008000a58                DMA1_Channel4_IRQHandler
                0x0000000008000a58                USART3_IRQHandler
                0x0000000008000a58                RTC_IRQHandler
                0x0000000008000a58                DMA1_Channel7_IRQHandler
                0x0000000008000a58                CAN1_RX1_IRQHandler
                0x0000000008000a58                I2C1_EV_IRQHandler
                0x0000000008000a58                DMA1_Channel6_IRQHandler
                0x0000000008000a58                TIM3_IRQHandler
                0x0000000008000a58                RCC_IRQHandler
                0x0000000008000a58                TIM1_TRG_COM_IRQHandler
                0x0000000008000a58                DMA1_Channel1_IRQHandler
                0x0000000008000a58                Default_Handler
                0x0000000008000a58                EXTI9_5_IRQHandler
                0x0000000008000a58                SPI2_IRQHandler
                0x0000000008000a58                DMA1_Channel5_IRQHandler
                0x0000000008000a58                EXTI4_IRQHandler
                0x0000000008000a58                USB_LP_CAN1_RX0_IRQHandler
                0x0000000008000a58                USB_HP_CAN1_TX_IRQHandler
                0x0000000008000a58                DMA1_Channel3_IRQHandler
                0x0000000008000a58                TIM1_UP_IRQHandler
                0x0000000008000a58                WWDG_IRQHandler
                0x0000000008000a58                TIM2_IRQHandler
                0x0000000008000a58                TIM1_BRK_IRQHandler
                0x0000000008000a58                EXTI1_IRQHandler
                0x0000000008000a58                USART2_IRQHandler
                0x0000000008000a58                I2C2_ER_IRQHandler
                0x0000000008000a58                DMA1_Channel2_IRQHandler
                0x0000000008000a58                CAN1_SCE_IRQHandler
                0x0000000008000a58                FLASH_IRQHandler
                0x0000000008000a58                I2C1_ER_IRQHandler
                0x0000000008000a58                USBWakeUp_IRQHandler
 *fill*         0x0000000008000a5a        0x2 
 .text.HAL_Init
                0x0000000008000a5c       0x2c Drivers/STM32F1xx_HAL_Driver/Src/stm32f1xx_hal.o
                0x0000000008000a5c                HAL_Init
 .text.HAL_IncTick
                0x0000000008000a88       0x24 Drivers/STM32F1xx_HAL_Driver/Src/stm32f1xx_hal.o
                0x0000000008000a88                HAL_IncTick
 .text.HAL_GetTick
                0x0000000008000aac       0x14 Drivers/STM32F1xx_HAL_Driver/Src/stm32f1xx_hal.o
                0x0000000008000aac                HAL_GetTick
 .text.HAL_ADC_Init
                0x0000000008000ac0      0x1b0 Drivers/STM32F1xx_HAL_Driver/Src/stm32f1xx_hal_adc.o
                0x0000000008000ac0                HAL_ADC_Init
 .text.HAL_ADC_ConfigChannel
                0x0000000008000c70      0x1f0 Drivers/STM32F1xx_HAL_Driver/Src/stm32f1xx_hal_adc.o
                0x0000000008000c70                HAL_ADC_ConfigChannel
 .text.ADC_ConversionStop_Disable
                0x0000000008000e60       0x74 Drivers/STM32F1xx_HAL_Driver/Src/stm32f1xx_hal_adc.o
                0x0000000008000e60                ADC_ConversionStop_Disable
 .text.__NVIC_SetPriorityGrouping
                0x0000000008000ed4       0x48 Drivers/STM32F1xx_HAL_Driver/Src/stm32f1xx_hal_cortex.o
 .text.__NVIC_GetPriorityGrouping
                0x0000000008000f1c       0x1c Drivers/STM32F1xx_HAL_Driver/Src/stm32f1xx_hal_cortex.o
 .text.__NVIC_EnableIRQ
                0x0000000008000f38       0x38 Drivers/STM32F1xx_HAL_Driver/Src/stm32f1xx_hal_cortex.o
 .text.__NVIC_SetPriority
                0x0000000008000f70       0x54 Drivers/STM32F1xx_HAL_Driver/Src/stm32f1xx_hal_cortex.o
 .text.NVIC_EncodePriority
                0x0000000008000fc4       0x64 Drivers/STM32F1xx_HAL_Driver/Src/stm32f1xx_hal_cortex.o
 .text.HAL_NVIC_SetPriorityGrouping
                0x0000000008001028       0x16 Drivers/STM32F1xx_HAL_Driver/Src/stm32f1xx_hal_cortex.o
                0x0000000008001028                HAL_NVIC_SetPriorityGrouping
 .text.HAL_NVIC_SetPriority
                0x000000000800103e       0x38 Drivers/STM32F1xx_HAL_Driver/Src/stm32f1xx_hal_cortex.o
                0x000000000800103e                HAL_NVIC_SetPriority
 .text.HAL_NVIC_EnableIRQ
                0x0000000008001076       0x1c Drivers/STM32F1xx_HAL_Driver/Src/stm32f1xx_hal_cortex.o
                0x0000000008001076                HAL_NVIC_EnableIRQ
 *fill*         0x0000000008001092        0x2 
 .text.HAL_DMA_Abort_IT
                0x0000000008001094       0xec Drivers/STM32F1xx_HAL_Driver/Src/stm32f1xx_hal_dma.o
                0x0000000008001094                HAL_DMA_Abort_IT
 .text.HAL_GPIO_Init
                0x0000000008001180      0x308 Drivers/STM32F1xx_HAL_Driver/Src/stm32f1xx_hal_gpio.o
                0x0000000008001180                HAL_GPIO_Init
 .text.HAL_GPIO_WritePin
                0x0000000008001488       0x30 Drivers/STM32F1xx_HAL_Driver/Src/stm32f1xx_hal_gpio.o
                0x0000000008001488                HAL_GPIO_WritePin
 .text.HAL_GPIO_EXTI_IRQHandler
                0x00000000080014b8       0x30 Drivers/STM32F1xx_HAL_Driver/Src/stm32f1xx_hal_gpio.o
                0x00000000080014b8                HAL_GPIO_EXTI_IRQHandler
 .text.HAL_GPIO_EXTI_Callback
                0x00000000080014e8       0x14 Drivers/STM32F1xx_HAL_Driver/Src/stm32f1xx_hal_gpio.o
                0x00000000080014e8                HAL_GPIO_EXTI_Callback
 .text.HAL_RCC_OscConfig
                0x00000000080014fc      0x500 Drivers/STM32F1xx_HAL_Driver/Src/stm32f1xx_hal_rcc.o
                0x00000000080014fc                HAL_RCC_OscConfig
 .text.HAL_RCC_ClockConfig
                0x00000000080019fc      0x1d4 Drivers/STM32F1xx_HAL_Driver/Src/stm32f1xx_hal_rcc.o
                0x00000000080019fc                HAL_RCC_ClockConfig
 .text.HAL_RCC_GetSysClockFreq
                0x0000000008001bd0       0xc0 Drivers/STM32F1xx_HAL_Driver/Src/stm32f1xx_hal_rcc.o
                0x0000000008001bd0                HAL_RCC_GetSysClockFreq
 .text.HAL_RCC_GetHCLKFreq
                0x0000000008001c90       0x14 Drivers/STM32F1xx_HAL_Driver/Src/stm32f1xx_hal_rcc.o
                0x0000000008001c90                HAL_RCC_GetHCLKFreq
 .text.HAL_RCC_GetPCLK1Freq
                0x0000000008001ca4       0x28 Drivers/STM32F1xx_HAL_Driver/Src/stm32f1xx_hal_rcc.o
                0x0000000008001ca4                HAL_RCC_GetPCLK1Freq
 .text.HAL_RCC_GetPCLK2Freq
                0x0000000008001ccc       0x28 Drivers/STM32F1xx_HAL_Driver/Src/stm32f1xx_hal_rcc.o
                0x0000000008001ccc                HAL_RCC_GetPCLK2Freq
 .text.HAL_RCC_GetClockConfig
                0x0000000008001cf4       0x60 Drivers/STM32F1xx_HAL_Driver/Src/stm32f1xx_hal_rcc.o
                0x0000000008001cf4                HAL_RCC_GetClockConfig
 .text.RCC_Delay
                0x0000000008001d54       0x3c Drivers/STM32F1xx_HAL_Driver/Src/stm32f1xx_hal_rcc.o
 .text.HAL_RCCEx_PeriphCLKConfig
                0x0000000008001d90      0x16c Drivers/STM32F1xx_HAL_Driver/Src/stm32f1xx_hal_rcc_ex.o
                0x0000000008001d90                HAL_RCCEx_PeriphCLKConfig
 .text.HAL_TIM_Base_Init
                0x0000000008001efc       0x9e Drivers/STM32F1xx_HAL_Driver/Src/stm32f1xx_hal_tim.o
                0x0000000008001efc                HAL_TIM_Base_Init
 .text.HAL_TIM_Base_MspInit
                0x0000000008001f9a       0x12 Drivers/STM32F1xx_HAL_Driver/Src/stm32f1xx_hal_tim.o
                0x0000000008001f9a                HAL_TIM_Base_MspInit
 .text.HAL_TIM_Base_Start_IT
                0x0000000008001fac       0xa4 Drivers/STM32F1xx_HAL_Driver/Src/stm32f1xx_hal_tim.o
                0x0000000008001fac                HAL_TIM_Base_Start_IT
 .text.HAL_TIM_IRQHandler
                0x0000000008002050      0x210 Drivers/STM32F1xx_HAL_Driver/Src/stm32f1xx_hal_tim.o
                0x0000000008002050                HAL_TIM_IRQHandler
 .text.HAL_TIM_OC_DelayElapsedCallback
                0x0000000008002260       0x12 Drivers/STM32F1xx_HAL_Driver/Src/stm32f1xx_hal_tim.o
                0x0000000008002260                HAL_TIM_OC_DelayElapsedCallback
 .text.HAL_TIM_IC_CaptureCallback
                0x0000000008002272       0x12 Drivers/STM32F1xx_HAL_Driver/Src/stm32f1xx_hal_tim.o
                0x0000000008002272                HAL_TIM_IC_CaptureCallback
 .text.HAL_TIM_PWM_PulseFinishedCallback
                0x0000000008002284       0x12 Drivers/STM32F1xx_HAL_Driver/Src/stm32f1xx_hal_tim.o
                0x0000000008002284                HAL_TIM_PWM_PulseFinishedCallback
 .text.HAL_TIM_TriggerCallback
                0x0000000008002296       0x12 Drivers/STM32F1xx_HAL_Driver/Src/stm32f1xx_hal_tim.o
                0x0000000008002296                HAL_TIM_TriggerCallback
 .text.TIM_Base_SetConfig
                0x00000000080022a8       0xc4 Drivers/STM32F1xx_HAL_Driver/Src/stm32f1xx_hal_tim.o
                0x00000000080022a8                TIM_Base_SetConfig
 .text.HAL_TIMEx_CommutCallback
                0x000000000800236c       0x12 Drivers/STM32F1xx_HAL_Driver/Src/stm32f1xx_hal_tim_ex.o
                0x000000000800236c                HAL_TIMEx_CommutCallback
 .text.HAL_TIMEx_BreakCallback
                0x000000000800237e       0x12 Drivers/STM32F1xx_HAL_Driver/Src/stm32f1xx_hal_tim_ex.o
                0x000000000800237e                HAL_TIMEx_BreakCallback
 .text.HAL_UART_Init
                0x0000000008002390       0x9a Drivers/STM32F1xx_HAL_Driver/Src/stm32f1xx_hal_uart.o
                0x0000000008002390                HAL_UART_Init
 .text.HAL_UART_Transmit
                0x000000000800242a      0x124 Drivers/STM32F1xx_HAL_Driver/Src/stm32f1xx_hal_uart.o
                0x000000000800242a                HAL_UART_Transmit
 .text.HAL_UART_Receive
                0x000000000800254e      0x13e Drivers/STM32F1xx_HAL_Driver/Src/stm32f1xx_hal_uart.o
                0x000000000800254e                HAL_UART_Receive
 .text.HAL_UART_IRQHandler
                0x000000000800268c      0x200 Drivers/STM32F1xx_HAL_Driver/Src/stm32f1xx_hal_uart.o
                0x000000000800268c                HAL_UART_IRQHandler
 .text.HAL_UART_TxCpltCallback
                0x000000000800288c       0x12 Drivers/STM32F1xx_HAL_Driver/Src/stm32f1xx_hal_uart.o
                0x000000000800288c                HAL_UART_TxCpltCallback
 .text.HAL_UART_RxCpltCallback
                0x000000000800289e       0x12 Drivers/STM32F1xx_HAL_Driver/Src/stm32f1xx_hal_uart.o
                0x000000000800289e                HAL_UART_RxCpltCallback
 .text.HAL_UART_ErrorCallback
                0x00000000080028b0       0x12 Drivers/STM32F1xx_HAL_Driver/Src/stm32f1xx_hal_uart.o
                0x00000000080028b0                HAL_UART_ErrorCallback
 .text.UART_WaitOnFlagUntilTimeout
                0x00000000080028c2       0x94 Drivers/STM32F1xx_HAL_Driver/Src/stm32f1xx_hal_uart.o
 .text.UART_EndRxTransfer
                0x0000000008002956       0x3a Drivers/STM32F1xx_HAL_Driver/Src/stm32f1xx_hal_uart.o
 .text.UART_DMAAbortOnError
                0x0000000008002990       0x28 Drivers/STM32F1xx_HAL_Driver/Src/stm32f1xx_hal_uart.o
 .text.UART_Transmit_IT
                0x00000000080029b8       0x9e Drivers/STM32F1xx_HAL_Driver/Src/stm32f1xx_hal_uart.o
 .text.UART_EndTransmit_IT
                0x0000000008002a56       0x30 Drivers/STM32F1xx_HAL_Driver/Src/stm32f1xx_hal_uart.o
 .text.UART_Receive_IT
                0x0000000008002a86      0x100 Drivers/STM32F1xx_HAL_Driver/Src/stm32f1xx_hal_uart.o
 *fill*         0x0000000008002b86        0x2 
 .text.UART_SetConfig
                0x0000000008002b88      0x11c Drivers/STM32F1xx_HAL_Driver/Src/stm32f1xx_hal_uart.o
 .text.osKernelInitialize
                0x0000000008002ca4       0x64 Middlewares/Third_Party/FreeRTOS/Source/CMSIS_RTOS_V2/cmsis_os2.o
                0x0000000008002ca4                osKernelInitialize
 .text.osKernelStart
                0x0000000008002d08       0x68 Middlewares/Third_Party/FreeRTOS/Source/CMSIS_RTOS_V2/cmsis_os2.o
                0x0000000008002d08                osKernelStart
 .text.osThreadNew
                0x0000000008002d70      0x154 Middlewares/Third_Party/FreeRTOS/Source/CMSIS_RTOS_V2/cmsis_os2.o
                0x0000000008002d70                osThreadNew
 .text.vApplicationGetIdleTaskMemory
                0x0000000008002ec4       0x30 Middlewares/Third_Party/FreeRTOS/Source/CMSIS_RTOS_V2/cmsis_os2.o
                0x0000000008002ec4                vApplicationGetIdleTaskMemory
 .text.vApplicationGetTimerTaskMemory
                0x0000000008002ef4       0x34 Middlewares/Third_Party/FreeRTOS/Source/CMSIS_RTOS_V2/cmsis_os2.o
                0x0000000008002ef4                vApplicationGetTimerTaskMemory
 .text.vListInitialise
                0x0000000008002f28       0x3e Middlewares/Third_Party/FreeRTOS/Source/list.o
                0x0000000008002f28                vListInitialise
 .text.vListInitialiseItem
                0x0000000008002f66       0x18 Middlewares/Third_Party/FreeRTOS/Source/list.o
                0x0000000008002f66                vListInitialiseItem
 .text.vListInsertEnd
                0x0000000008002f7e       0x46 Middlewares/Third_Party/FreeRTOS/Source/list.o
                0x0000000008002f7e                vListInsertEnd
 .text.vListInsert
                0x0000000008002fc4       0x70 Middlewares/Third_Party/FreeRTOS/Source/list.o
                0x0000000008002fc4                vListInsert
 .text.uxListRemove
                0x0000000008003034       0x52 Middlewares/Third_Party/FreeRTOS/Source/list.o
                0x0000000008003034                uxListRemove
 *fill*         0x0000000008003086        0x2 
 .text.xQueueGenericReset
                0x0000000008003088       0xd0 Middlewares/Third_Party/FreeRTOS/Source/queue.o
                0x0000000008003088                xQueueGenericReset
 .text.xQueueGenericCreateStatic
                0x0000000008003158       0xee Middlewares/Third_Party/FreeRTOS/Source/queue.o
                0x0000000008003158                xQueueGenericCreateStatic
 .text.prvInitialiseNewQueue
                0x0000000008003246       0x46 Middlewares/Third_Party/FreeRTOS/Source/queue.o
 .text.xQueueGenericSend
                0x000000000800328c      0x1fc Middlewares/Third_Party/FreeRTOS/Source/queue.o
                0x000000000800328c                xQueueGenericSend
 .text.xQueueGenericSendFromISR
                0x0000000008003488      0x130 Middlewares/Third_Party/FreeRTOS/Source/queue.o
                0x0000000008003488                xQueueGenericSendFromISR
 .text.xQueueReceive
                0x00000000080035b8      0x1c0 Middlewares/Third_Party/FreeRTOS/Source/queue.o
                0x00000000080035b8                xQueueReceive
 .text.prvCopyDataToQueue
                0x0000000008003778       0xd4 Middlewares/Third_Party/FreeRTOS/Source/queue.o
 .text.prvCopyDataFromQueue
                0x000000000800384c       0x4c Middlewares/Third_Party/FreeRTOS/Source/queue.o
 .text.prvUnlockQueue
                0x0000000008003898       0xa4 Middlewares/Third_Party/FreeRTOS/Source/queue.o
 .text.prvIsQueueEmpty
                0x000000000800393c       0x2c Middlewares/Third_Party/FreeRTOS/Source/queue.o
 .text.prvIsQueueFull
                0x0000000008003968       0x30 Middlewares/Third_Party/FreeRTOS/Source/queue.o
 .text.vQueueAddToRegistry
                0x0000000008003998       0x50 Middlewares/Third_Party/FreeRTOS/Source/queue.o
                0x0000000008003998                vQueueAddToRegistry
 .text.vQueueWaitForMessageRestricted
                0x00000000080039e8       0x68 Middlewares/Third_Party/FreeRTOS/Source/queue.o
                0x00000000080039e8                vQueueWaitForMessageRestricted
 .text.xTaskCreateStatic
                0x0000000008003a50       0xb8 Middlewares/Third_Party/FreeRTOS/Source/tasks.o
                0x0000000008003a50                xTaskCreateStatic
 .text.xTaskCreate
                0x0000000008003b08       0x8a Middlewares/Third_Party/FreeRTOS/Source/tasks.o
                0x0000000008003b08                xTaskCreate
 .text.prvInitialiseNewTask
                0x0000000008003b92      0x10e Middlewares/Third_Party/FreeRTOS/Source/tasks.o
 .text.prvAddNewTaskToReadyList
                0x0000000008003ca0       0xe0 Middlewares/Third_Party/FreeRTOS/Source/tasks.o
 .text.vTaskDelay
                0x0000000008003d80       0x68 Middlewares/Third_Party/FreeRTOS/Source/tasks.o
                0x0000000008003d80                vTaskDelay
 .text.vTaskStartScheduler
                0x0000000008003de8       0xcc Middlewares/Third_Party/FreeRTOS/Source/tasks.o
                0x0000000008003de8                vTaskStartScheduler
 .text.vTaskSuspendAll
                0x0000000008003eb4       0x1c Middlewares/Third_Party/FreeRTOS/Source/tasks.o
                0x0000000008003eb4                vTaskSuspendAll
 .text.xTaskResumeAll
                0x0000000008003ed0      0x13c Middlewares/Third_Party/FreeRTOS/Source/tasks.o
                0x0000000008003ed0                xTaskResumeAll
 .text.xTaskGetTickCount
                0x000000000800400c       0x1c Middlewares/Third_Party/FreeRTOS/Source/tasks.o
                0x000000000800400c                xTaskGetTickCount
 .text.xTaskIncrementTick
                0x0000000008004028      0x17c Middlewares/Third_Party/FreeRTOS/Source/tasks.o
                0x0000000008004028                xTaskIncrementTick
 .text.vTaskSwitchContext
                0x00000000080041a4       0xb8 Middlewares/Third_Party/FreeRTOS/Source/tasks.o
                0x00000000080041a4                vTaskSwitchContext
 .text.vTaskPlaceOnEventList
                0x000000000800425c       0x48 Middlewares/Third_Party/FreeRTOS/Source/tasks.o
                0x000000000800425c                vTaskPlaceOnEventList
 .text.vTaskPlaceOnEventListRestricted
                0x00000000080042a4       0x58 Middlewares/Third_Party/FreeRTOS/Source/tasks.o
                0x00000000080042a4                vTaskPlaceOnEventListRestricted
 .text.xTaskRemoveFromEventList
                0x00000000080042fc       0xc8 Middlewares/Third_Party/FreeRTOS/Source/tasks.o
                0x00000000080042fc                xTaskRemoveFromEventList
 .text.vTaskInternalSetTimeOutState
                0x00000000080043c4       0x2c Middlewares/Third_Party/FreeRTOS/Source/tasks.o
                0x00000000080043c4                vTaskInternalSetTimeOutState
 .text.xTaskCheckForTimeOut
                0x00000000080043f0       0xc4 Middlewares/Third_Party/FreeRTOS/Source/tasks.o
                0x00000000080043f0                xTaskCheckForTimeOut
 .text.vTaskMissedYield
                0x00000000080044b4       0x18 Middlewares/Third_Party/FreeRTOS/Source/tasks.o
                0x00000000080044b4                vTaskMissedYield
 .text.prvIdleTask
                0x00000000080044cc       0x30 Middlewares/Third_Party/FreeRTOS/Source/tasks.o
 .text.prvInitialiseTaskLists
                0x00000000080044fc       0x80 Middlewares/Third_Party/FreeRTOS/Source/tasks.o
 .text.prvCheckTasksWaitingTermination
                0x000000000800457c       0x5c Middlewares/Third_Party/FreeRTOS/Source/tasks.o
 .text.prvDeleteTCB
                0x00000000080045d8       0x5e Middlewares/Third_Party/FreeRTOS/Source/tasks.o
 *fill*         0x0000000008004636        0x2 
 .text.prvResetNextTaskUnblockTime
                0x0000000008004638       0x48 Middlewares/Third_Party/FreeRTOS/Source/tasks.o
 .text.xTaskGetSchedulerState
                0x0000000008004680       0x3c Middlewares/Third_Party/FreeRTOS/Source/tasks.o
                0x0000000008004680                xTaskGetSchedulerState
 .text.xTaskPriorityDisinherit
                0x00000000080046bc       0xdc Middlewares/Third_Party/FreeRTOS/Source/tasks.o
                0x00000000080046bc                xTaskPriorityDisinherit
 .text.prvAddCurrentTaskToDelayedList
                0x0000000008004798       0xa8 Middlewares/Third_Party/FreeRTOS/Source/tasks.o
 .text.xTimerCreateTimerTask
                0x0000000008004840       0x90 Middlewares/Third_Party/FreeRTOS/Source/timers.o
                0x0000000008004840                xTimerCreateTimerTask
 .text.xTimerGenericCommand
                0x00000000080048d0       0x9c Middlewares/Third_Party/FreeRTOS/Source/timers.o
                0x00000000080048d0                xTimerGenericCommand
 .text.prvProcessExpiredTimer
                0x000000000800496c       0x80 Middlewares/Third_Party/FreeRTOS/Source/timers.o
 .text.prvTimerTask
                0x00000000080049ec       0x24 Middlewares/Third_Party/FreeRTOS/Source/timers.o
 .text.prvProcessTimerOrBlockTask
                0x0000000008004a10       0x9c Middlewares/Third_Party/FreeRTOS/Source/timers.o
 .text.prvGetNextExpireTime
                0x0000000008004aac       0x48 Middlewares/Third_Party/FreeRTOS/Source/timers.o
 .text.prvSampleTimeNow
                0x0000000008004af4       0x40 Middlewares/Third_Party/FreeRTOS/Source/timers.o
 .text.prvInsertTimerInActiveList
                0x0000000008004b34       0x84 Middlewares/Third_Party/FreeRTOS/Source/timers.o
 .text.prvProcessReceivedCommands
                0x0000000008004bb8      0x168 Middlewares/Third_Party/FreeRTOS/Source/timers.o
 .text.prvSwitchTimerLists
                0x0000000008004d20       0xc4 Middlewares/Third_Party/FreeRTOS/Source/timers.o
 .text.prvCheckForValidListAndQueue
                0x0000000008004de4       0x80 Middlewares/Third_Party/FreeRTOS/Source/timers.o
 .text.pxPortInitialiseStack
                0x0000000008004e64       0x58 Middlewares/Third_Party/FreeRTOS/Source/portable/GCC/ARM_CM3/port.o
                0x0000000008004e64                pxPortInitialiseStack
 .text.prvTaskExitError
                0x0000000008004ebc       0x58 Middlewares/Third_Party/FreeRTOS/Source/portable/GCC/ARM_CM3/port.o
 *fill*         0x0000000008004f14        0xc 
 .text.SVC_Handler
                0x0000000008004f20       0x28 Middlewares/Third_Party/FreeRTOS/Source/portable/GCC/ARM_CM3/port.o
                0x0000000008004f20                SVC_Handler
 .text.prvPortStartFirstTask
                0x0000000008004f48       0x20 Middlewares/Third_Party/FreeRTOS/Source/portable/GCC/ARM_CM3/port.o
 .text.xPortStartScheduler
                0x0000000008004f68       0xe4 Middlewares/Third_Party/FreeRTOS/Source/portable/GCC/ARM_CM3/port.o
                0x0000000008004f68                xPortStartScheduler
 .text.vPortEnterCritical
                0x000000000800504c       0x60 Middlewares/Third_Party/FreeRTOS/Source/portable/GCC/ARM_CM3/port.o
                0x000000000800504c                vPortEnterCritical
 .text.vPortExitCritical
                0x00000000080050ac       0x50 Middlewares/Third_Party/FreeRTOS/Source/portable/GCC/ARM_CM3/port.o
                0x00000000080050ac                vPortExitCritical
 *fill*         0x00000000080050fc        0x4 
 .text.PendSV_Handler
                0x0000000008005100       0x48 Middlewares/Third_Party/FreeRTOS/Source/portable/GCC/ARM_CM3/port.o
                0x0000000008005100                PendSV_Handler
 .text.SysTick_Handler
                0x0000000008005148       0x44 Middlewares/Third_Party/FreeRTOS/Source/portable/GCC/ARM_CM3/port.o
                0x0000000008005148                SysTick_Handler
 .text.vPortSetupTimerInterrupt
                0x000000000800518c       0x44 Middlewares/Third_Party/FreeRTOS/Source/portable/GCC/ARM_CM3/port.o
                0x000000000800518c                vPortSetupTimerInterrupt
 .text.vPortValidateInterruptPriority
                0x00000000080051d0       0x7c Middlewares/Third_Party/FreeRTOS/Source/portable/GCC/ARM_CM3/port.o
                0x00000000080051d0                vPortValidateInterruptPriority
 .text.pvPortMalloc
                0x000000000800524c      0x188 Middlewares/Third_Party/FreeRTOS/Source/portable/MemMang/heap_4.o
                0x000000000800524c                pvPortMalloc
 .text.vPortFree
                0x00000000080053d4       0xb4 Middlewares/Third_Party/FreeRTOS/Source/portable/MemMang/heap_4.o
                0x00000000080053d4                vPortFree
 .text.prvHeapInit
                0x0000000008005488       0xc4 Middlewares/Third_Party/FreeRTOS/Source/portable/MemMang/heap_4.o
 .text.prvInsertBlockIntoFreeList
                0x000000000800554c       0xb0 Middlewares/Third_Party/FreeRTOS/Source/portable/MemMang/heap_4.o
 .text.__libc_init_array
                0x00000000080055fc       0x48 c:/st/stm32cubeide_1.6.0/stm32cubeide/plugins/com.st.stm32cube.ide.mcu.externaltools.gnu-tools-for-stm32.9-2020-q2-update.win32_1.5.0.202011040924/tools/bin/../lib/gcc/arm-none-eabi/9.3.1/../../../../arm-none-eabi/lib/thumb/v7-m/nofp\libc_nano.a(lib_a-init.o)
                0x00000000080055fc                __libc_init_array
 .text.memcpy   0x0000000008005644       0x1c c:/st/stm32cubeide_1.6.0/stm32cubeide/plugins/com.st.stm32cube.ide.mcu.externaltools.gnu-tools-for-stm32.9-2020-q2-update.win32_1.5.0.202011040924/tools/bin/../lib/gcc/arm-none-eabi/9.3.1/../../../../arm-none-eabi/lib/thumb/v7-m/nofp\libc_nano.a(lib_a-memcpy-stub.o)
                0x0000000008005644                memcpy
 .text.memset   0x0000000008005660       0x10 c:/st/stm32cubeide_1.6.0/stm32cubeide/plugins/com.st.stm32cube.ide.mcu.externaltools.gnu-tools-for-stm32.9-2020-q2-update.win32_1.5.0.202011040924/tools/bin/../lib/gcc/arm-none-eabi/9.3.1/../../../../arm-none-eabi/lib/thumb/v7-m/nofp\libc_nano.a(lib_a-memset.o)
                0x0000000008005660                memset
 .text.strncmp  0x0000000008005670       0x24 c:/st/stm32cubeide_1.6.0/stm32cubeide/plugins/com.st.stm32cube.ide.mcu.externaltools.gnu-tools-for-stm32.9-2020-q2-update.win32_1.5.0.202011040924/tools/bin/../lib/gcc/arm-none-eabi/9.3.1/../../../../arm-none-eabi/lib/thumb/v7-m/nofp\libc_nano.a(lib_a-strncmp.o)
                0x0000000008005670                strncmp
 *(.glue_7)
 .glue_7        0x0000000008005694        0x0 linker stubs
 *(.glue_7t)
 .glue_7t       0x0000000008005694        0x0 linker stubs
 *(.eh_frame)
 .eh_frame      0x0000000008005694        0x0 c:/st/stm32cubeide_1.6.0/stm32cubeide/plugins/com.st.stm32cube.ide.mcu.externaltools.gnu-tools-for-stm32.9-2020-q2-update.win32_1.5.0.202011040924/tools/bin/../lib/gcc/arm-none-eabi/9.3.1/thumb/v7-m/nofp/crtbegin.o
 *(.init)
 .init          0x0000000008005694        0x4 c:/st/stm32cubeide_1.6.0/stm32cubeide/plugins/com.st.stm32cube.ide.mcu.externaltools.gnu-tools-for-stm32.9-2020-q2-update.win32_1.5.0.202011040924/tools/bin/../lib/gcc/arm-none-eabi/9.3.1/thumb/v7-m/nofp/crti.o
                0x0000000008005694                _init
 .init          0x0000000008005698        0x8 c:/st/stm32cubeide_1.6.0/stm32cubeide/plugins/com.st.stm32cube.ide.mcu.externaltools.gnu-tools-for-stm32.9-2020-q2-update.win32_1.5.0.202011040924/tools/bin/../lib/gcc/arm-none-eabi/9.3.1/thumb/v7-m/nofp/crtn.o
 *(.fini)
 .fini          0x00000000080056a0        0x4 c:/st/stm32cubeide_1.6.0/stm32cubeide/plugins/com.st.stm32cube.ide.mcu.externaltools.gnu-tools-for-stm32.9-2020-q2-update.win32_1.5.0.202011040924/tools/bin/../lib/gcc/arm-none-eabi/9.3.1/thumb/v7-m/nofp/crti.o
                0x00000000080056a0                _fini
 .fini          0x00000000080056a4        0x8 c:/st/stm32cubeide_1.6.0/stm32cubeide/plugins/com.st.stm32cube.ide.mcu.externaltools.gnu-tools-for-stm32.9-2020-q2-update.win32_1.5.0.202011040924/tools/bin/../lib/gcc/arm-none-eabi/9.3.1/thumb/v7-m/nofp/crtn.o
                0x00000000080056ac                . = ALIGN (0x4)
                0x00000000080056ac                _etext = .

.vfp11_veneer   0x00000000080056ac        0x0
 .vfp11_veneer  0x00000000080056ac        0x0 linker stubs

.v4_bx          0x00000000080056ac        0x0
 .v4_bx         0x00000000080056ac        0x0 linker stubs

.iplt           0x00000000080056ac        0x0
 .iplt          0x00000000080056ac        0x0 c:/st/stm32cubeide_1.6.0/stm32cubeide/plugins/com.st.stm32cube.ide.mcu.externaltools.gnu-tools-for-stm32.9-2020-q2-update.win32_1.5.0.202011040924/tools/bin/../lib/gcc/arm-none-eabi/9.3.1/thumb/v7-m/nofp/crtbegin.o

.rodata         0x00000000080056ac       0xd8
                0x00000000080056ac                . = ALIGN (0x4)
 *(.rodata)
 .rodata        0x00000000080056ac       0x4d Core/Src/main.o
 *fill*         0x00000000080056f9        0x3 
 .rodata        0x00000000080056fc       0x10 Drivers/STM32F1xx_HAL_Driver/Src/stm32f1xx_hal_rcc.o
 .rodata        0x000000000800570c        0x5 Middlewares/Third_Party/FreeRTOS/Source/tasks.o
 *fill*         0x0000000008005711        0x3 
 .rodata        0x0000000008005714        0xd Middlewares/Third_Party/FreeRTOS/Source/timers.o
 *(.rodata*)
 *fill*         0x0000000008005721        0x3 
 .rodata.USART_Task_attributes
                0x0000000008005724       0x24 Core/Src/main.o
                0x0000000008005724                USART_Task_attributes
 .rodata.GPIO_Task_attributes
                0x0000000008005748       0x24 Core/Src/main.o
                0x0000000008005748                GPIO_Task_attributes
 .rodata.AHBPrescTable
                0x000000000800576c       0x10 Core/Src/system_stm32f1xx.o
                0x000000000800576c                AHBPrescTable
 .rodata.APBPrescTable
                0x000000000800577c        0x8 Core/Src/system_stm32f1xx.o
                0x000000000800577c                APBPrescTable
                0x0000000008005784                . = ALIGN (0x4)

.rel.dyn        0x0000000008005784        0x0
 .rel.iplt      0x0000000008005784        0x0 c:/st/stm32cubeide_1.6.0/stm32cubeide/plugins/com.st.stm32cube.ide.mcu.externaltools.gnu-tools-for-stm32.9-2020-q2-update.win32_1.5.0.202011040924/tools/bin/../lib/gcc/arm-none-eabi/9.3.1/thumb/v7-m/nofp/crtbegin.o

.ARM.extab      0x0000000008005784        0x0
                0x0000000008005784                . = ALIGN (0x4)
 *(.ARM.extab* .gnu.linkonce.armextab.*)
                0x0000000008005784                . = ALIGN (0x4)

.ARM            0x0000000008005784        0x0
                0x0000000008005784                . = ALIGN (0x4)
                0x0000000008005784                __exidx_start = .
 *(.ARM.exidx*)
                0x0000000008005784                __exidx_end = .
                0x0000000008005784                . = ALIGN (0x4)

.preinit_array  0x0000000008005784        0x0
                0x0000000008005784                . = ALIGN (0x4)
                0x0000000008005784                PROVIDE (__preinit_array_start = .)
 *(.preinit_array*)
                0x0000000008005784                PROVIDE (__preinit_array_end = .)
                0x0000000008005784                . = ALIGN (0x4)

.init_array     0x0000000008005784        0x4
                0x0000000008005784                . = ALIGN (0x4)
                0x0000000008005784                PROVIDE (__init_array_start = .)
 *(SORT_BY_NAME(.init_array.*))
 *(.init_array*)
 .init_array    0x0000000008005784        0x4 c:/st/stm32cubeide_1.6.0/stm32cubeide/plugins/com.st.stm32cube.ide.mcu.externaltools.gnu-tools-for-stm32.9-2020-q2-update.win32_1.5.0.202011040924/tools/bin/../lib/gcc/arm-none-eabi/9.3.1/thumb/v7-m/nofp/crtbegin.o
                0x0000000008005788                PROVIDE (__init_array_end = .)
                0x0000000008005788                . = ALIGN (0x4)

.fini_array     0x0000000008005788        0x4
                0x0000000008005788                . = ALIGN (0x4)
                [!provide]                        PROVIDE (__fini_array_start = .)
 *(SORT_BY_NAME(.fini_array.*))
 *(.fini_array*)
 .fini_array    0x0000000008005788        0x4 c:/st/stm32cubeide_1.6.0/stm32cubeide/plugins/com.st.stm32cube.ide.mcu.externaltools.gnu-tools-for-stm32.9-2020-q2-update.win32_1.5.0.202011040924/tools/bin/../lib/gcc/arm-none-eabi/9.3.1/thumb/v7-m/nofp/crtbegin.o
                [!provide]                        PROVIDE (__fini_array_end = .)
                0x000000000800578c                . = ALIGN (0x4)
                0x000000000800578c                _sidata = LOADADDR (.data)

.data           0x0000000020000000       0x10 load address 0x000000000800578c
                0x0000000020000000                . = ALIGN (0x4)
                0x0000000020000000                _sdata = .
 *(.data)
 *(.data*)
 .data.SystemCoreClock
                0x0000000020000000        0x4 Core/Src/system_stm32f1xx.o
                0x0000000020000000                SystemCoreClock
 .data.uwTickPrio
                0x0000000020000004        0x4 Drivers/STM32F1xx_HAL_Driver/Src/stm32f1xx_hal.o
                0x0000000020000004                uwTickPrio
 .data.uwTickFreq
                0x0000000020000008        0x1 Drivers/STM32F1xx_HAL_Driver/Src/stm32f1xx_hal.o
                0x0000000020000008                uwTickFreq
 *fill*         0x0000000020000009        0x3 
 .data.uxCriticalNesting
                0x000000002000000c        0x4 Middlewares/Third_Party/FreeRTOS/Source/portable/GCC/ARM_CM3/port.o
 *(.RamFunc)
 *(.RamFunc*)
                0x0000000020000010                . = ALIGN (0x4)
                0x0000000020000010                _edata = .

.igot.plt       0x0000000020000010        0x0 load address 0x000000000800579c
 .igot.plt      0x0000000020000010        0x0 c:/st/stm32cubeide_1.6.0/stm32cubeide/plugins/com.st.stm32cube.ide.mcu.externaltools.gnu-tools-for-stm32.9-2020-q2-update.win32_1.5.0.202011040924/tools/bin/../lib/gcc/arm-none-eabi/9.3.1/thumb/v7-m/nofp/crtbegin.o
                0x0000000020000010                . = ALIGN (0x4)

.bss            0x0000000020000010     0x1e98 load address 0x000000000800579c
                0x0000000020000010                _sbss = .
                0x0000000020000010                __bss_start__ = _sbss
 *(.bss)
 .bss           0x0000000020000010       0x1c c:/st/stm32cubeide_1.6.0/stm32cubeide/plugins/com.st.stm32cube.ide.mcu.externaltools.gnu-tools-for-stm32.9-2020-q2-update.win32_1.5.0.202011040924/tools/bin/../lib/gcc/arm-none-eabi/9.3.1/thumb/v7-m/nofp/crtbegin.o
 *(.bss*)
 .bss.RingBufferData_Rx
                0x000000002000002c      0x400 Core/Src/main.o
 .bss.KernelState
                0x000000002000042c        0x4 Middlewares/Third_Party/FreeRTOS/Source/CMSIS_RTOS_V2/cmsis_os2.o
 .bss.Idle_TCB  0x0000000020000430       0x5c Middlewares/Third_Party/FreeRTOS/Source/CMSIS_RTOS_V2/cmsis_os2.o
 .bss.Idle_Stack
                0x000000002000048c      0x200 Middlewares/Third_Party/FreeRTOS/Source/CMSIS_RTOS_V2/cmsis_os2.o
 .bss.Timer_TCB
                0x000000002000068c       0x5c Middlewares/Third_Party/FreeRTOS/Source/CMSIS_RTOS_V2/cmsis_os2.o
 .bss.Timer_Stack
                0x00000000200006e8      0x400 Middlewares/Third_Party/FreeRTOS/Source/CMSIS_RTOS_V2/cmsis_os2.o
 .bss.pxCurrentTCB
                0x0000000020000ae8        0x4 Middlewares/Third_Party/FreeRTOS/Source/tasks.o
                0x0000000020000ae8                pxCurrentTCB
 .bss.pxReadyTasksLists
                0x0000000020000aec      0x460 Middlewares/Third_Party/FreeRTOS/Source/tasks.o
 .bss.xDelayedTaskList1
                0x0000000020000f4c       0x14 Middlewares/Third_Party/FreeRTOS/Source/tasks.o
 .bss.xDelayedTaskList2
                0x0000000020000f60       0x14 Middlewares/Third_Party/FreeRTOS/Source/tasks.o
 .bss.pxDelayedTaskList
                0x0000000020000f74        0x4 Middlewares/Third_Party/FreeRTOS/Source/tasks.o
 .bss.pxOverflowDelayedTaskList
                0x0000000020000f78        0x4 Middlewares/Third_Party/FreeRTOS/Source/tasks.o
 .bss.xPendingReadyList
                0x0000000020000f7c       0x14 Middlewares/Third_Party/FreeRTOS/Source/tasks.o
 .bss.xTasksWaitingTermination
                0x0000000020000f90       0x14 Middlewares/Third_Party/FreeRTOS/Source/tasks.o
 .bss.uxDeletedTasksWaitingCleanUp
                0x0000000020000fa4        0x4 Middlewares/Third_Party/FreeRTOS/Source/tasks.o
 .bss.xSuspendedTaskList
                0x0000000020000fa8       0x14 Middlewares/Third_Party/FreeRTOS/Source/tasks.o
 .bss.uxCurrentNumberOfTasks
                0x0000000020000fbc        0x4 Middlewares/Third_Party/FreeRTOS/Source/tasks.o
 .bss.xTickCount
                0x0000000020000fc0        0x4 Middlewares/Third_Party/FreeRTOS/Source/tasks.o
 .bss.uxTopReadyPriority
                0x0000000020000fc4        0x4 Middlewares/Third_Party/FreeRTOS/Source/tasks.o
 .bss.xSchedulerRunning
                0x0000000020000fc8        0x4 Middlewares/Third_Party/FreeRTOS/Source/tasks.o
 .bss.uxPendedTicks
                0x0000000020000fcc        0x4 Middlewares/Third_Party/FreeRTOS/Source/tasks.o
 .bss.xYieldPending
                0x0000000020000fd0        0x4 Middlewares/Third_Party/FreeRTOS/Source/tasks.o
 .bss.xNumOfOverflows
                0x0000000020000fd4        0x4 Middlewares/Third_Party/FreeRTOS/Source/tasks.o
 .bss.uxTaskNumber
                0x0000000020000fd8        0x4 Middlewares/Third_Party/FreeRTOS/Source/tasks.o
 .bss.xNextTaskUnblockTime
                0x0000000020000fdc        0x4 Middlewares/Third_Party/FreeRTOS/Source/tasks.o
 .bss.xIdleTaskHandle
                0x0000000020000fe0        0x4 Middlewares/Third_Party/FreeRTOS/Source/tasks.o
 .bss.uxSchedulerSuspended
                0x0000000020000fe4        0x4 Middlewares/Third_Party/FreeRTOS/Source/tasks.o
 .bss.xActiveTimerList1
                0x0000000020000fe8       0x14 Middlewares/Third_Party/FreeRTOS/Source/timers.o
 .bss.xActiveTimerList2
                0x0000000020000ffc       0x14 Middlewares/Third_Party/FreeRTOS/Source/timers.o
 .bss.pxCurrentTimerList
                0x0000000020001010        0x4 Middlewares/Third_Party/FreeRTOS/Source/timers.o
 .bss.pxOverflowTimerList
                0x0000000020001014        0x4 Middlewares/Third_Party/FreeRTOS/Source/timers.o
 .bss.xTimerQueue
                0x0000000020001018        0x4 Middlewares/Third_Party/FreeRTOS/Source/timers.o
 .bss.xTimerTaskHandle
                0x000000002000101c        0x4 Middlewares/Third_Party/FreeRTOS/Source/timers.o
 .bss.xLastTime.5524
                0x0000000020001020        0x4 Middlewares/Third_Party/FreeRTOS/Source/timers.o
 .bss.ucStaticTimerQueueStorage.5575
                0x0000000020001024       0xa0 Middlewares/Third_Party/FreeRTOS/Source/timers.o
 .bss.xStaticTimerQueue.5574
                0x00000000200010c4       0x50 Middlewares/Third_Party/FreeRTOS/Source/timers.o
 .bss.ucMaxSysCallPriority
                0x0000000020001114        0x1 Middlewares/Third_Party/FreeRTOS/Source/portable/GCC/ARM_CM3/port.o
 *fill*         0x0000000020001115        0x3 
 .bss.ulMaxPRIGROUPValue
                0x0000000020001118        0x4 Middlewares/Third_Party/FreeRTOS/Source/portable/GCC/ARM_CM3/port.o
 .bss.ucHeap    0x000000002000111c      0xc00 Middlewares/Third_Party/FreeRTOS/Source/portable/MemMang/heap_4.o
 .bss.xStart    0x0000000020001d1c        0x8 Middlewares/Third_Party/FreeRTOS/Source/portable/MemMang/heap_4.o
 .bss.pxEnd     0x0000000020001d24        0x4 Middlewares/Third_Party/FreeRTOS/Source/portable/MemMang/heap_4.o
 .bss.xFreeBytesRemaining
                0x0000000020001d28        0x4 Middlewares/Third_Party/FreeRTOS/Source/portable/MemMang/heap_4.o
 .bss.xMinimumEverFreeBytesRemaining
                0x0000000020001d2c        0x4 Middlewares/Third_Party/FreeRTOS/Source/portable/MemMang/heap_4.o
 .bss.xBlockAllocatedBit
                0x0000000020001d30        0x4 Middlewares/Third_Party/FreeRTOS/Source/portable/MemMang/heap_4.o
 *(COMMON)
 COMMON         0x0000000020001d34       0xe8 Core/Src/main.o
                0x0000000020001d34                hadc2
                0x0000000020001d64                hadc1
                0x0000000020001d94                huart1
                0x0000000020001dd4                GPIO_TaskHandle
                0x0000000020001dd8                USART_TaskHandle
                0x0000000020001ddc                huart2
 COMMON         0x0000000020001e1c       0x48 Core/Src/stm32f1xx_hal_timebase_tim.o
                0x0000000020001e1c                htim4
 COMMON         0x0000000020001e64        0x4 Drivers/STM32F1xx_HAL_Driver/Src/stm32f1xx_hal.o
                0x0000000020001e64                uwTick
 COMMON         0x0000000020001e68       0x40 Middlewares/Third_Party/FreeRTOS/Source/queue.o
                0x0000000020001e68                xQueueRegistry
                0x0000000020001ea8                . = ALIGN (0x4)
                0x0000000020001ea8                _ebss = .
                0x0000000020001ea8                __bss_end__ = _ebss

._user_heap_stack
                0x0000000020001ea8      0x600 load address 0x000000000800579c
                0x0000000020001ea8                . = ALIGN (0x8)
                [!provide]                        PROVIDE (end = .)
                0x0000000020001ea8                PROVIDE (_end = .)
                0x00000000200020a8                . = (. + _Min_Heap_Size)
 *fill*         0x0000000020001ea8      0x200 
                0x00000000200024a8                . = (. + _Min_Stack_Size)
 *fill*         0x00000000200020a8      0x400 
                0x00000000200024a8                . = ALIGN (0x8)

/DISCARD/
 libc.a(*)
 libm.a(*)
 libgcc.a(*)

.ARM.attributes
                0x0000000000000000       0x29
 *(.ARM.attributes)
 .ARM.attributes
                0x0000000000000000       0x1d c:/st/stm32cubeide_1.6.0/stm32cubeide/plugins/com.st.stm32cube.ide.mcu.externaltools.gnu-tools-for-stm32.9-2020-q2-update.win32_1.5.0.202011040924/tools/bin/../lib/gcc/arm-none-eabi/9.3.1/thumb/v7-m/nofp/crti.o
 .ARM.attributes
                0x000000000000001d       0x2d c:/st/stm32cubeide_1.6.0/stm32cubeide/plugins/com.st.stm32cube.ide.mcu.externaltools.gnu-tools-for-stm32.9-2020-q2-update.win32_1.5.0.202011040924/tools/bin/../lib/gcc/arm-none-eabi/9.3.1/thumb/v7-m/nofp/crtbegin.o
 .ARM.attributes
                0x000000000000004a       0x2d Core/Src/main.o
 .ARM.attributes
                0x0000000000000077       0x2d Core/Src/stm32f1xx_hal_msp.o
 .ARM.attributes
                0x00000000000000a4       0x2d Core/Src/stm32f1xx_hal_timebase_tim.o
 .ARM.attributes
                0x00000000000000d1       0x2d Core/Src/stm32f1xx_it.o
 .ARM.attributes
                0x00000000000000fe       0x2d Core/Src/system_stm32f1xx.o
 .ARM.attributes
                0x000000000000012b       0x21 Core/Startup/startup_stm32f103rbtx.o
 .ARM.attributes
                0x000000000000014c       0x2d Drivers/STM32F1xx_HAL_Driver/Src/stm32f1xx_hal.o
 .ARM.attributes
                0x0000000000000179       0x2d Drivers/STM32F1xx_HAL_Driver/Src/stm32f1xx_hal_adc.o
 .ARM.attributes
                0x00000000000001a6       0x2d Drivers/STM32F1xx_HAL_Driver/Src/stm32f1xx_hal_cortex.o
 .ARM.attributes
                0x00000000000001d3       0x2d Drivers/STM32F1xx_HAL_Driver/Src/stm32f1xx_hal_dma.o
 .ARM.attributes
                0x0000000000000200       0x2d Drivers/STM32F1xx_HAL_Driver/Src/stm32f1xx_hal_gpio.o
 .ARM.attributes
                0x000000000000022d       0x2d Drivers/STM32F1xx_HAL_Driver/Src/stm32f1xx_hal_rcc.o
 .ARM.attributes
                0x000000000000025a       0x2d Drivers/STM32F1xx_HAL_Driver/Src/stm32f1xx_hal_rcc_ex.o
 .ARM.attributes
                0x0000000000000287       0x2d Drivers/STM32F1xx_HAL_Driver/Src/stm32f1xx_hal_tim.o
 .ARM.attributes
                0x00000000000002b4       0x2d Drivers/STM32F1xx_HAL_Driver/Src/stm32f1xx_hal_tim_ex.o
 .ARM.attributes
                0x00000000000002e1       0x2d Drivers/STM32F1xx_HAL_Driver/Src/stm32f1xx_hal_uart.o
 .ARM.attributes
                0x000000000000030e       0x2d Middlewares/Third_Party/FreeRTOS/Source/CMSIS_RTOS_V2/cmsis_os2.o
 .ARM.attributes
                0x000000000000033b       0x2d Middlewares/Third_Party/FreeRTOS/Source/list.o
 .ARM.attributes
                0x0000000000000368       0x2d Middlewares/Third_Party/FreeRTOS/Source/queue.o
 .ARM.attributes
                0x0000000000000395       0x2d Middlewares/Third_Party/FreeRTOS/Source/tasks.o
 .ARM.attributes
                0x00000000000003c2       0x2d Middlewares/Third_Party/FreeRTOS/Source/timers.o
 .ARM.attributes
                0x00000000000003ef       0x2d Middlewares/Third_Party/FreeRTOS/Source/portable/GCC/ARM_CM3/port.o
 .ARM.attributes
                0x000000000000041c       0x2d Middlewares/Third_Party/FreeRTOS/Source/portable/MemMang/heap_4.o
 .ARM.attributes
                0x0000000000000449       0x2d c:/st/stm32cubeide_1.6.0/stm32cubeide/plugins/com.st.stm32cube.ide.mcu.externaltools.gnu-tools-for-stm32.9-2020-q2-update.win32_1.5.0.202011040924/tools/bin/../lib/gcc/arm-none-eabi/9.3.1/../../../../arm-none-eabi/lib/thumb/v7-m/nofp\libc_nano.a(lib_a-init.o)
 .ARM.attributes
                0x0000000000000476       0x2d c:/st/stm32cubeide_1.6.0/stm32cubeide/plugins/com.st.stm32cube.ide.mcu.externaltools.gnu-tools-for-stm32.9-2020-q2-update.win32_1.5.0.202011040924/tools/bin/../lib/gcc/arm-none-eabi/9.3.1/../../../../arm-none-eabi/lib/thumb/v7-m/nofp\libc_nano.a(lib_a-memcpy-stub.o)
 .ARM.attributes
                0x00000000000004a3       0x2d c:/st/stm32cubeide_1.6.0/stm32cubeide/plugins/com.st.stm32cube.ide.mcu.externaltools.gnu-tools-for-stm32.9-2020-q2-update.win32_1.5.0.202011040924/tools/bin/../lib/gcc/arm-none-eabi/9.3.1/../../../../arm-none-eabi/lib/thumb/v7-m/nofp\libc_nano.a(lib_a-memset.o)
 .ARM.attributes
                0x00000000000004d0       0x2d c:/st/stm32cubeide_1.6.0/stm32cubeide/plugins/com.st.stm32cube.ide.mcu.externaltools.gnu-tools-for-stm32.9-2020-q2-update.win32_1.5.0.202011040924/tools/bin/../lib/gcc/arm-none-eabi/9.3.1/../../../../arm-none-eabi/lib/thumb/v7-m/nofp\libc_nano.a(lib_a-strncmp.o)
 .ARM.attributes
                0x00000000000004fd       0x1d c:/st/stm32cubeide_1.6.0/stm32cubeide/plugins/com.st.stm32cube.ide.mcu.externaltools.gnu-tools-for-stm32.9-2020-q2-update.win32_1.5.0.202011040924/tools/bin/../lib/gcc/arm-none-eabi/9.3.1/thumb/v7-m/nofp/crtn.o
OUTPUT(STM32_NUCLEO_mgr_free_rtos.elf elf32-littlearm)
LOAD linker stubs
LOAD c:/st/stm32cubeide_1.6.0/stm32cubeide/plugins/com.st.stm32cube.ide.mcu.externaltools.gnu-tools-for-stm32.9-2020-q2-update.win32_1.5.0.202011040924/tools/bin/../lib/gcc/arm-none-eabi/9.3.1/../../../../arm-none-eabi/lib/thumb/v7-m/nofp\libc.a
LOAD c:/st/stm32cubeide_1.6.0/stm32cubeide/plugins/com.st.stm32cube.ide.mcu.externaltools.gnu-tools-for-stm32.9-2020-q2-update.win32_1.5.0.202011040924/tools/bin/../lib/gcc/arm-none-eabi/9.3.1/../../../../arm-none-eabi/lib/thumb/v7-m/nofp\libm.a
LOAD c:/st/stm32cubeide_1.6.0/stm32cubeide/plugins/com.st.stm32cube.ide.mcu.externaltools.gnu-tools-for-stm32.9-2020-q2-update.win32_1.5.0.202011040924/tools/bin/../lib/gcc/arm-none-eabi/9.3.1/thumb/v7-m/nofp\libgcc.a

.debug_info     0x0000000000000000    0x19154
 .debug_info    0x0000000000000000     0x1dca Core/Src/main.o
 .debug_info    0x0000000000001dca      0xd29 Core/Src/stm32f1xx_hal_msp.o
 .debug_info    0x0000000000002af3      0xa19 Core/Src/stm32f1xx_hal_timebase_tim.o
 .debug_info    0x000000000000350c      0x9e0 Core/Src/stm32f1xx_it.o
 .debug_info    0x0000000000003eec      0x2be Core/Src/system_stm32f1xx.o
 .debug_info    0x00000000000041aa       0x22 Core/Startup/startup_stm32f103rbtx.o
 .debug_info    0x00000000000041cc      0x76a Drivers/STM32F1xx_HAL_Driver/Src/stm32f1xx_hal.o
 .debug_info    0x0000000000004936      0xd2d Drivers/STM32F1xx_HAL_Driver/Src/stm32f1xx_hal_adc.o
 .debug_info    0x0000000000005663      0xbdc Drivers/STM32F1xx_HAL_Driver/Src/stm32f1xx_hal_cortex.o
 .debug_info    0x000000000000623f      0x81e Drivers/STM32F1xx_HAL_Driver/Src/stm32f1xx_hal_dma.o
 .debug_info    0x0000000000006a5d      0x701 Drivers/STM32F1xx_HAL_Driver/Src/stm32f1xx_hal_gpio.o
 .debug_info    0x000000000000715e      0x88e Drivers/STM32F1xx_HAL_Driver/Src/stm32f1xx_hal_rcc.o
 .debug_info    0x00000000000079ec      0x480 Drivers/STM32F1xx_HAL_Driver/Src/stm32f1xx_hal_rcc_ex.o
 .debug_info    0x0000000000007e6c     0x2a43 Drivers/STM32F1xx_HAL_Driver/Src/stm32f1xx_hal_tim.o
 .debug_info    0x000000000000a8af     0x1495 Drivers/STM32F1xx_HAL_Driver/Src/stm32f1xx_hal_tim_ex.o
 .debug_info    0x000000000000bd44     0x1322 Drivers/STM32F1xx_HAL_Driver/Src/stm32f1xx_hal_uart.o
 .debug_info    0x000000000000d066     0x3cd3 Middlewares/Third_Party/FreeRTOS/Source/CMSIS_RTOS_V2/cmsis_os2.o
 .debug_info    0x0000000000010d39      0xb7c Middlewares/Third_Party/FreeRTOS/Source/list.o
 .debug_info    0x00000000000118b5     0x22de Middlewares/Third_Party/FreeRTOS/Source/queue.o
 .debug_info    0x0000000000013b93     0x29ae Middlewares/Third_Party/FreeRTOS/Source/tasks.o
 .debug_info    0x0000000000016541     0x1afb Middlewares/Third_Party/FreeRTOS/Source/timers.o
 .debug_info    0x000000000001803c      0x4a1 Middlewares/Third_Party/FreeRTOS/Source/portable/GCC/ARM_CM3/port.o
 .debug_info    0x00000000000184dd      0xc77 Middlewares/Third_Party/FreeRTOS/Source/portable/MemMang/heap_4.o

.debug_abbrev   0x0000000000000000     0x34fc
 .debug_abbrev  0x0000000000000000      0x334 Core/Src/main.o
 .debug_abbrev  0x0000000000000334      0x1b5 Core/Src/stm32f1xx_hal_msp.o
 .debug_abbrev  0x00000000000004e9      0x1bf Core/Src/stm32f1xx_hal_timebase_tim.o
 .debug_abbrev  0x00000000000006a8      0x176 Core/Src/stm32f1xx_it.o
 .debug_abbrev  0x000000000000081e      0x14e Core/Src/system_stm32f1xx.o
 .debug_abbrev  0x000000000000096c       0x12 Core/Startup/startup_stm32f103rbtx.o
 .debug_abbrev  0x000000000000097e      0x1ed Drivers/STM32F1xx_HAL_Driver/Src/stm32f1xx_hal.o
 .debug_abbrev  0x0000000000000b6b      0x1fb Drivers/STM32F1xx_HAL_Driver/Src/stm32f1xx_hal_adc.o
 .debug_abbrev  0x0000000000000d66      0x313 Drivers/STM32F1xx_HAL_Driver/Src/stm32f1xx_hal_cortex.o
 .debug_abbrev  0x0000000000001079      0x228 Drivers/STM32F1xx_HAL_Driver/Src/stm32f1xx_hal_dma.o
 .debug_abbrev  0x00000000000012a1      0x1e8 Drivers/STM32F1xx_HAL_Driver/Src/stm32f1xx_hal_gpio.o
 .debug_abbrev  0x0000000000001489      0x273 Drivers/STM32F1xx_HAL_Driver/Src/stm32f1xx_hal_rcc.o
 .debug_abbrev  0x00000000000016fc      0x193 Drivers/STM32F1xx_HAL_Driver/Src/stm32f1xx_hal_rcc_ex.o
 .debug_abbrev  0x000000000000188f      0x25e Drivers/STM32F1xx_HAL_Driver/Src/stm32f1xx_hal_tim.o
 .debug_abbrev  0x0000000000001aed      0x266 Drivers/STM32F1xx_HAL_Driver/Src/stm32f1xx_hal_tim_ex.o
 .debug_abbrev  0x0000000000001d53      0x270 Drivers/STM32F1xx_HAL_Driver/Src/stm32f1xx_hal_uart.o
 .debug_abbrev  0x0000000000001fc3      0x3ed Middlewares/Third_Party/FreeRTOS/Source/CMSIS_RTOS_V2/cmsis_os2.o
 .debug_abbrev  0x00000000000023b0      0x1f7 Middlewares/Third_Party/FreeRTOS/Source/list.o
 .debug_abbrev  0x00000000000025a7      0x3a2 Middlewares/Third_Party/FreeRTOS/Source/queue.o
 .debug_abbrev  0x0000000000002949      0x39a Middlewares/Third_Party/FreeRTOS/Source/tasks.o
 .debug_abbrev  0x0000000000002ce3      0x317 Middlewares/Third_Party/FreeRTOS/Source/timers.o
 .debug_abbrev  0x0000000000002ffa      0x22f Middlewares/Third_Party/FreeRTOS/Source/portable/GCC/ARM_CM3/port.o
 .debug_abbrev  0x0000000000003229      0x2d3 Middlewares/Third_Party/FreeRTOS/Source/portable/MemMang/heap_4.o

.debug_aranges  0x0000000000000000     0x1470
 .debug_aranges
                0x0000000000000000       0x80 Core/Src/main.o
 .debug_aranges
                0x0000000000000080       0x40 Core/Src/stm32f1xx_hal_msp.o
 .debug_aranges
                0x00000000000000c0       0x30 Core/Src/stm32f1xx_hal_timebase_tim.o
 .debug_aranges
                0x00000000000000f0       0x60 Core/Src/stm32f1xx_it.o
 .debug_aranges
                0x0000000000000150       0x28 Core/Src/system_stm32f1xx.o
 .debug_aranges
                0x0000000000000178       0x28 Core/Startup/startup_stm32f103rbtx.o
 .debug_aranges
                0x00000000000001a0       0xe0 Drivers/STM32F1xx_HAL_Driver/Src/stm32f1xx_hal.o
 .debug_aranges
                0x0000000000000280       0xf0 Drivers/STM32F1xx_HAL_Driver/Src/stm32f1xx_hal_adc.o
 .debug_aranges
                0x0000000000000370      0x100 Drivers/STM32F1xx_HAL_Driver/Src/stm32f1xx_hal_cortex.o
 .debug_aranges
                0x0000000000000470       0x80 Drivers/STM32F1xx_HAL_Driver/Src/stm32f1xx_hal_dma.o
 .debug_aranges
                0x00000000000004f0       0x58 Drivers/STM32F1xx_HAL_Driver/Src/stm32f1xx_hal_gpio.o
 .debug_aranges
                0x0000000000000548       0x90 Drivers/STM32F1xx_HAL_Driver/Src/stm32f1xx_hal_rcc.o
 .debug_aranges
                0x00000000000005d8       0x30 Drivers/STM32F1xx_HAL_Driver/Src/stm32f1xx_hal_rcc_ex.o
 .debug_aranges
                0x0000000000000608      0x3d0 Drivers/STM32F1xx_HAL_Driver/Src/stm32f1xx_hal_tim.o
 .debug_aranges
                0x00000000000009d8      0x168 Drivers/STM32F1xx_HAL_Driver/Src/stm32f1xx_hal_tim_ex.o
 .debug_aranges
                0x0000000000000b40      0x1d0 Drivers/STM32F1xx_HAL_Driver/Src/stm32f1xx_hal_uart.o
 .debug_aranges
                0x0000000000000d10      0x228 Middlewares/Third_Party/FreeRTOS/Source/CMSIS_RTOS_V2/cmsis_os2.o
 .debug_aranges
                0x0000000000000f38       0x40 Middlewares/Third_Party/FreeRTOS/Source/list.o
 .debug_aranges
                0x0000000000000f78      0x158 Middlewares/Third_Party/FreeRTOS/Source/queue.o
 .debug_aranges
                0x00000000000010d0      0x1f8 Middlewares/Third_Party/FreeRTOS/Source/tasks.o
 .debug_aranges
                0x00000000000012c8       0xe0 Middlewares/Third_Party/FreeRTOS/Source/timers.o
 .debug_aranges
                0x00000000000013a8       0x78 Middlewares/Third_Party/FreeRTOS/Source/portable/GCC/ARM_CM3/port.o
 .debug_aranges
                0x0000000000001420       0x50 Middlewares/Third_Party/FreeRTOS/Source/portable/MemMang/heap_4.o

.debug_ranges   0x0000000000000000     0x1308
 .debug_ranges  0x0000000000000000       0x70 Core/Src/main.o
 .debug_ranges  0x0000000000000070       0x30 Core/Src/stm32f1xx_hal_msp.o
 .debug_ranges  0x00000000000000a0       0x20 Core/Src/stm32f1xx_hal_timebase_tim.o
 .debug_ranges  0x00000000000000c0       0x50 Core/Src/stm32f1xx_it.o
 .debug_ranges  0x0000000000000110       0x18 Core/Src/system_stm32f1xx.o
 .debug_ranges  0x0000000000000128       0x20 Core/Startup/startup_stm32f103rbtx.o
 .debug_ranges  0x0000000000000148       0xd0 Drivers/STM32F1xx_HAL_Driver/Src/stm32f1xx_hal.o
 .debug_ranges  0x0000000000000218       0xe0 Drivers/STM32F1xx_HAL_Driver/Src/stm32f1xx_hal_adc.o
 .debug_ranges  0x00000000000002f8       0xf0 Drivers/STM32F1xx_HAL_Driver/Src/stm32f1xx_hal_cortex.o
 .debug_ranges  0x00000000000003e8       0x70 Drivers/STM32F1xx_HAL_Driver/Src/stm32f1xx_hal_dma.o
 .debug_ranges  0x0000000000000458       0x48 Drivers/STM32F1xx_HAL_Driver/Src/stm32f1xx_hal_gpio.o
 .debug_ranges  0x00000000000004a0       0x80 Drivers/STM32F1xx_HAL_Driver/Src/stm32f1xx_hal_rcc.o
 .debug_ranges  0x0000000000000520       0x20 Drivers/STM32F1xx_HAL_Driver/Src/stm32f1xx_hal_rcc_ex.o
 .debug_ranges  0x0000000000000540      0x3c0 Drivers/STM32F1xx_HAL_Driver/Src/stm32f1xx_hal_tim.o
 .debug_ranges  0x0000000000000900      0x158 Drivers/STM32F1xx_HAL_Driver/Src/stm32f1xx_hal_tim_ex.o
 .debug_ranges  0x0000000000000a58      0x1c0 Drivers/STM32F1xx_HAL_Driver/Src/stm32f1xx_hal_uart.o
 .debug_ranges  0x0000000000000c18      0x218 Middlewares/Third_Party/FreeRTOS/Source/CMSIS_RTOS_V2/cmsis_os2.o
 .debug_ranges  0x0000000000000e30       0x30 Middlewares/Third_Party/FreeRTOS/Source/list.o
 .debug_ranges  0x0000000000000e60      0x148 Middlewares/Third_Party/FreeRTOS/Source/queue.o
 .debug_ranges  0x0000000000000fa8      0x1e8 Middlewares/Third_Party/FreeRTOS/Source/tasks.o
 .debug_ranges  0x0000000000001190       0xd0 Middlewares/Third_Party/FreeRTOS/Source/timers.o
 .debug_ranges  0x0000000000001260       0x68 Middlewares/Third_Party/FreeRTOS/Source/portable/GCC/ARM_CM3/port.o
 .debug_ranges  0x00000000000012c8       0x40 Middlewares/Third_Party/FreeRTOS/Source/portable/MemMang/heap_4.o

.debug_macro    0x0000000000000000     0x3624
 .debug_macro   0x0000000000000000      0x336 Core/Src/main.o
 .debug_macro   0x0000000000000336       0x5b Core/Src/main.o
 .debug_macro   0x0000000000000391       0x74 Core/Src/main.o
 .debug_macro   0x0000000000000405      0x122 Core/Src/main.o
 .debug_macro   0x0000000000000527       0xdd Core/Src/main.o
 .debug_macro   0x0000000000000604       0x22 Core/Src/main.o
 .debug_macro   0x0000000000000626       0x52 Core/Src/main.o
 .debug_macro   0x0000000000000678       0x18 Core/Src/main.o
 .debug_macro   0x0000000000000690       0x3c Core/Src/main.o
 .debug_macro   0x00000000000006cc       0x34 Core/Src/main.o
 .debug_macro   0x0000000000000700       0x16 Core/Src/main.o
 .debug_macro   0x0000000000000716       0x43 Core/Src/main.o
 .debug_macro   0x0000000000000759       0x34 Core/Src/main.o
 .debug_macro   0x000000000000078d       0x10 Core/Src/main.o
 .debug_macro   0x000000000000079d       0x58 Core/Src/main.o
 .debug_macro   0x00000000000007f5       0x71 Core/Src/main.o
 .debug_macro   0x0000000000000866       0x1c Core/Src/main.o
 .debug_macro   0x0000000000000882      0x12a Core/Src/main.o
 .debug_macro   0x00000000000009ac      0x333 Core/Src/main.o
 .debug_macro   0x0000000000000cdf       0x10 Core/Src/main.o
 .debug_macro   0x0000000000000cef       0x35 Core/Src/main.o
 .debug_macro   0x0000000000000d24       0x20 Core/Src/main.o
 .debug_macro   0x0000000000000d44      0x1c6 Core/Src/stm32f1xx_hal_msp.o
 .debug_macro   0x0000000000000f0a      0x1b7 Core/Src/stm32f1xx_hal_timebase_tim.o
 .debug_macro   0x00000000000010c1      0x1d0 Core/Src/stm32f1xx_it.o
 .debug_macro   0x0000000000001291      0x1b7 Core/Src/system_stm32f1xx.o
 .debug_macro   0x0000000000001448      0x1db Drivers/STM32F1xx_HAL_Driver/Src/stm32f1xx_hal.o
 .debug_macro   0x0000000000001623      0x1d4 Drivers/STM32F1xx_HAL_Driver/Src/stm32f1xx_hal_adc.o
 .debug_macro   0x00000000000017f7      0x1b7 Drivers/STM32F1xx_HAL_Driver/Src/stm32f1xx_hal_cortex.o
 .debug_macro   0x00000000000019ae      0x1b7 Drivers/STM32F1xx_HAL_Driver/Src/stm32f1xx_hal_dma.o
 .debug_macro   0x0000000000001b65      0x222 Drivers/STM32F1xx_HAL_Driver/Src/stm32f1xx_hal_gpio.o
 .debug_macro   0x0000000000001d87      0x1c9 Drivers/STM32F1xx_HAL_Driver/Src/stm32f1xx_hal_rcc.o
 .debug_macro   0x0000000000001f50      0x1b7 Drivers/STM32F1xx_HAL_Driver/Src/stm32f1xx_hal_rcc_ex.o
 .debug_macro   0x0000000000002107      0x1b8 Drivers/STM32F1xx_HAL_Driver/Src/stm32f1xx_hal_tim.o
 .debug_macro   0x00000000000022bf      0x1b7 Drivers/STM32F1xx_HAL_Driver/Src/stm32f1xx_hal_tim_ex.o
 .debug_macro   0x0000000000002476      0x1b8 Drivers/STM32F1xx_HAL_Driver/Src/stm32f1xx_hal_uart.o
 .debug_macro   0x000000000000262e      0x247 Middlewares/Third_Party/FreeRTOS/Source/CMSIS_RTOS_V2/cmsis_os2.o
 .debug_macro   0x0000000000002875       0x10 Middlewares/Third_Party/FreeRTOS/Source/CMSIS_RTOS_V2/cmsis_os2.o
 .debug_macro   0x0000000000002885       0xb7 Middlewares/Third_Party/FreeRTOS/Source/CMSIS_RTOS_V2/cmsis_os2.o
 .debug_macro   0x000000000000293c       0x91 Middlewares/Third_Party/FreeRTOS/Source/CMSIS_RTOS_V2/cmsis_os2.o
 .debug_macro   0x00000000000029cd       0x8d Middlewares/Third_Party/FreeRTOS/Source/CMSIS_RTOS_V2/cmsis_os2.o
 .debug_macro   0x0000000000002a5a       0x9a Middlewares/Third_Party/FreeRTOS/Source/CMSIS_RTOS_V2/cmsis_os2.o
 .debug_macro   0x0000000000002af4      0x187 Middlewares/Third_Party/FreeRTOS/Source/list.o
 .debug_macro   0x0000000000002c7b      0x212 Middlewares/Third_Party/FreeRTOS/Source/queue.o
 .debug_macro   0x0000000000002e8d       0x16 Middlewares/Third_Party/FreeRTOS/Source/queue.o
 .debug_macro   0x0000000000002ea3      0x287 Middlewares/Third_Party/FreeRTOS/Source/tasks.o
 .debug_macro   0x000000000000312a       0x10 Middlewares/Third_Party/FreeRTOS/Source/tasks.o
 .debug_macro   0x000000000000313a      0x1ca Middlewares/Third_Party/FreeRTOS/Source/timers.o
 .debug_macro   0x0000000000003304      0x172 Middlewares/Third_Party/FreeRTOS/Source/portable/GCC/ARM_CM3/port.o
 .debug_macro   0x0000000000003476      0x1ae Middlewares/Third_Party/FreeRTOS/Source/portable/MemMang/heap_4.o

.debug_line     0x0000000000000000    0x15c9e
 .debug_line    0x0000000000000000      0xc50 Core/Src/main.o
 .debug_line    0x0000000000000c50      0x7a5 Core/Src/stm32f1xx_hal_msp.o
 .debug_line    0x00000000000013f5      0x70d Core/Src/stm32f1xx_hal_timebase_tim.o
 .debug_line    0x0000000000001b02      0x77a Core/Src/stm32f1xx_it.o
 .debug_line    0x000000000000227c      0x72c Core/Src/system_stm32f1xx.o
 .debug_line    0x00000000000029a8       0x84 Core/Startup/startup_stm32f103rbtx.o
 .debug_line    0x0000000000002a2c      0x959 Drivers/STM32F1xx_HAL_Driver/Src/stm32f1xx_hal.o
 .debug_line    0x0000000000003385      0xfb9 Drivers/STM32F1xx_HAL_Driver/Src/stm32f1xx_hal_adc.o
 .debug_line    0x000000000000433e      0xb41 Drivers/STM32F1xx_HAL_Driver/Src/stm32f1xx_hal_cortex.o
 .debug_line    0x0000000000004e7f      0xdb1 Drivers/STM32F1xx_HAL_Driver/Src/stm32f1xx_hal_dma.o
 .debug_line    0x0000000000005c30      0x9f0 Drivers/STM32F1xx_HAL_Driver/Src/stm32f1xx_hal_gpio.o
 .debug_line    0x0000000000006620      0xd67 Drivers/STM32F1xx_HAL_Driver/Src/stm32f1xx_hal_rcc.o
 .debug_line    0x0000000000007387      0x8a5 Drivers/STM32F1xx_HAL_Driver/Src/stm32f1xx_hal_rcc_ex.o
 .debug_line    0x0000000000007c2c     0x3301 Drivers/STM32F1xx_HAL_Driver/Src/stm32f1xx_hal_tim.o
 .debug_line    0x000000000000af2d     0x19ff Drivers/STM32F1xx_HAL_Driver/Src/stm32f1xx_hal_tim_ex.o
 .debug_line    0x000000000000c92c     0x1763 Drivers/STM32F1xx_HAL_Driver/Src/stm32f1xx_hal_uart.o
 .debug_line    0x000000000000e08f     0x2458 Middlewares/Third_Party/FreeRTOS/Source/CMSIS_RTOS_V2/cmsis_os2.o
 .debug_line    0x00000000000104e7      0x70a Middlewares/Third_Party/FreeRTOS/Source/list.o
 .debug_line    0x0000000000010bf1     0x16cd Middlewares/Third_Party/FreeRTOS/Source/queue.o
 .debug_line    0x00000000000122be     0x1d25 Middlewares/Third_Party/FreeRTOS/Source/tasks.o
 .debug_line    0x0000000000013fe3      0xc9a Middlewares/Third_Party/FreeRTOS/Source/timers.o
 .debug_line    0x0000000000014c7d      0x755 Middlewares/Third_Party/FreeRTOS/Source/portable/GCC/ARM_CM3/port.o
 .debug_line    0x00000000000153d2      0x8cc Middlewares/Third_Party/FreeRTOS/Source/portable/MemMang/heap_4.o

.debug_str      0x0000000000000000    0x98047
 .debug_str     0x0000000000000000    0x8fe39 Core/Src/main.o
                                      0x903ad (size before relaxing)
 .debug_str     0x000000000008fe39       0xab Core/Src/stm32f1xx_hal_msp.o
                                      0x8831c (size before relaxing)
 .debug_str     0x000000000008fee4       0xaa Core/Src/stm32f1xx_hal_timebase_tim.o
                                      0x881f4 (size before relaxing)
 .debug_str     0x000000000008ff8e       0xc9 Core/Src/stm32f1xx_it.o
                                      0x88199 (size before relaxing)
 .debug_str     0x0000000000090057       0x52 Core/Src/system_stm32f1xx.o
                                      0x87996 (size before relaxing)
 .debug_str     0x00000000000900a9       0x74 Core/Startup/startup_stm32f103rbtx.o
 .debug_str     0x000000000009011d      0x2b9 Drivers/STM32F1xx_HAL_Driver/Src/stm32f1xx_hal.o
                                      0x88027 (size before relaxing)
 .debug_str     0x00000000000903d6      0x357 Drivers/STM32F1xx_HAL_Driver/Src/stm32f1xx_hal_adc.o
                                      0x88026 (size before relaxing)
 .debug_str     0x000000000009072d      0x2f7 Drivers/STM32F1xx_HAL_Driver/Src/stm32f1xx_hal_cortex.o
                                      0x8802f (size before relaxing)
 .debug_str     0x0000000000090a24      0x235 Drivers/STM32F1xx_HAL_Driver/Src/stm32f1xx_hal_dma.o
                                      0x87d71 (size before relaxing)
 .debug_str     0x0000000000090c59      0x31f Drivers/STM32F1xx_HAL_Driver/Src/stm32f1xx_hal_gpio.o
                                      0x87d5a (size before relaxing)
 .debug_str     0x0000000000090f78      0x240 Drivers/STM32F1xx_HAL_Driver/Src/stm32f1xx_hal_rcc.o
                                      0x87d93 (size before relaxing)
 .debug_str     0x00000000000911b8       0xb9 Drivers/STM32F1xx_HAL_Driver/Src/stm32f1xx_hal_rcc_ex.o
                                      0x87b20 (size before relaxing)
 .debug_str     0x0000000000091271      0xe34 Drivers/STM32F1xx_HAL_Driver/Src/stm32f1xx_hal_tim.o
                                      0x88d65 (size before relaxing)
 .debug_str     0x00000000000920a5      0x561 Drivers/STM32F1xx_HAL_Driver/Src/stm32f1xx_hal_tim_ex.o
                                      0x8853f (size before relaxing)
 .debug_str     0x0000000000092606      0x52d Drivers/STM32F1xx_HAL_Driver/Src/stm32f1xx_hal_uart.o
                                      0x88299 (size before relaxing)
 .debug_str     0x0000000000092b33     0x283a Middlewares/Third_Party/FreeRTOS/Source/CMSIS_RTOS_V2/cmsis_os2.o
                                       0xe0d9 (size before relaxing)
 .debug_str     0x000000000009536d      0x225 Middlewares/Third_Party/FreeRTOS/Source/list.o
                                       0xa732 (size before relaxing)
 .debug_str     0x0000000000095592      0x8fd Middlewares/Third_Party/FreeRTOS/Source/queue.o
                                       0xbf5c (size before relaxing)
 .debug_str     0x0000000000095e8f     0x12f3 Middlewares/Third_Party/FreeRTOS/Source/tasks.o
                                       0xcb72 (size before relaxing)
 .debug_str     0x0000000000097182      0x586 Middlewares/Third_Party/FreeRTOS/Source/timers.o
                                       0xc47a (size before relaxing)
 .debug_str     0x0000000000097708      0x6ee Middlewares/Third_Party/FreeRTOS/Source/portable/GCC/ARM_CM3/port.o
                                       0x808c (size before relaxing)
 .debug_str     0x0000000000097df6      0x251 Middlewares/Third_Party/FreeRTOS/Source/portable/MemMang/heap_4.o
                                       0xae55 (size before relaxing)

.comment        0x0000000000000000       0x53
 .comment       0x0000000000000000       0x53 Core/Src/main.o
                                         0x54 (size before relaxing)
 .comment       0x0000000000000053       0x54 Core/Src/stm32f1xx_hal_msp.o
 .comment       0x0000000000000053       0x54 Core/Src/stm32f1xx_hal_timebase_tim.o
 .comment       0x0000000000000053       0x54 Core/Src/stm32f1xx_it.o
 .comment       0x0000000000000053       0x54 Core/Src/system_stm32f1xx.o
 .comment       0x0000000000000053       0x54 Drivers/STM32F1xx_HAL_Driver/Src/stm32f1xx_hal.o
 .comment       0x0000000000000053       0x54 Drivers/STM32F1xx_HAL_Driver/Src/stm32f1xx_hal_adc.o
 .comment       0x0000000000000053       0x54 Drivers/STM32F1xx_HAL_Driver/Src/stm32f1xx_hal_cortex.o
 .comment       0x0000000000000053       0x54 Drivers/STM32F1xx_HAL_Driver/Src/stm32f1xx_hal_dma.o
 .comment       0x0000000000000053       0x54 Drivers/STM32F1xx_HAL_Driver/Src/stm32f1xx_hal_gpio.o
 .comment       0x0000000000000053       0x54 Drivers/STM32F1xx_HAL_Driver/Src/stm32f1xx_hal_rcc.o
 .comment       0x0000000000000053       0x54 Drivers/STM32F1xx_HAL_Driver/Src/stm32f1xx_hal_rcc_ex.o
 .comment       0x0000000000000053       0x54 Drivers/STM32F1xx_HAL_Driver/Src/stm32f1xx_hal_tim.o
 .comment       0x0000000000000053       0x54 Drivers/STM32F1xx_HAL_Driver/Src/stm32f1xx_hal_tim_ex.o
 .comment       0x0000000000000053       0x54 Drivers/STM32F1xx_HAL_Driver/Src/stm32f1xx_hal_uart.o
 .comment       0x0000000000000053       0x54 Middlewares/Third_Party/FreeRTOS/Source/CMSIS_RTOS_V2/cmsis_os2.o
 .comment       0x0000000000000053       0x54 Middlewares/Third_Party/FreeRTOS/Source/list.o
 .comment       0x0000000000000053       0x54 Middlewares/Third_Party/FreeRTOS/Source/queue.o
 .comment       0x0000000000000053       0x54 Middlewares/Third_Party/FreeRTOS/Source/tasks.o
 .comment       0x0000000000000053       0x54 Middlewares/Third_Party/FreeRTOS/Source/timers.o
 .comment       0x0000000000000053       0x54 Middlewares/Third_Party/FreeRTOS/Source/portable/GCC/ARM_CM3/port.o
 .comment       0x0000000000000053       0x54 Middlewares/Third_Party/FreeRTOS/Source/portable/MemMang/heap_4.o

.debug_frame    0x0000000000000000     0x55a4
 .debug_frame   0x0000000000000000      0x1bc Core/Src/main.o
 .debug_frame   0x00000000000001bc       0xc4 Core/Src/stm32f1xx_hal_msp.o
 .debug_frame   0x0000000000000280       0x74 Core/Src/stm32f1xx_hal_timebase_tim.o
 .debug_frame   0x00000000000002f4       0xfc Core/Src/stm32f1xx_it.o
 .debug_frame   0x00000000000003f0       0x58 Core/Src/system_stm32f1xx.o
 .debug_frame   0x0000000000000448      0x334 Drivers/STM32F1xx_HAL_Driver/Src/stm32f1xx_hal.o
 .debug_frame   0x000000000000077c      0x40c Drivers/STM32F1xx_HAL_Driver/Src/stm32f1xx_hal_adc.o
 .debug_frame   0x0000000000000b88      0x428 Drivers/STM32F1xx_HAL_Driver/Src/stm32f1xx_hal_cortex.o
 .debug_frame   0x0000000000000fb0      0x208 Drivers/STM32F1xx_HAL_Driver/Src/stm32f1xx_hal_dma.o
 .debug_frame   0x00000000000011b8      0x14c Drivers/STM32F1xx_HAL_Driver/Src/stm32f1xx_hal_gpio.o
 .debug_frame   0x0000000000001304      0x21c Drivers/STM32F1xx_HAL_Driver/Src/stm32f1xx_hal_rcc.o
 .debug_frame   0x0000000000001520       0x84 Drivers/STM32F1xx_HAL_Driver/Src/stm32f1xx_hal_rcc_ex.o
 .debug_frame   0x00000000000015a4     0x11b8 Drivers/STM32F1xx_HAL_Driver/Src/stm32f1xx_hal_tim.o
 .debug_frame   0x000000000000275c      0x638 Drivers/STM32F1xx_HAL_Driver/Src/stm32f1xx_hal_tim_ex.o
 .debug_frame   0x0000000000002d94      0x834 Drivers/STM32F1xx_HAL_Driver/Src/stm32f1xx_hal_uart.o
 .debug_frame   0x00000000000035c8      0x980 Middlewares/Third_Party/FreeRTOS/Source/CMSIS_RTOS_V2/cmsis_os2.o
 .debug_frame   0x0000000000003f48       0xd8 Middlewares/Third_Party/FreeRTOS/Source/list.o
 .debug_frame   0x0000000000004020      0x5ec Middlewares/Third_Party/FreeRTOS/Source/queue.o
 .debug_frame   0x000000000000460c      0x8a8 Middlewares/Third_Party/FreeRTOS/Source/tasks.o
 .debug_frame   0x0000000000004eb4      0x3b4 Middlewares/Third_Party/FreeRTOS/Source/timers.o
 .debug_frame   0x0000000000005268      0x198 Middlewares/Third_Party/FreeRTOS/Source/portable/GCC/ARM_CM3/port.o
 .debug_frame   0x0000000000005400      0x108 Middlewares/Third_Party/FreeRTOS/Source/portable/MemMang/heap_4.o
 .debug_frame   0x0000000000005508       0x2c c:/st/stm32cubeide_1.6.0/stm32cubeide/plugins/com.st.stm32cube.ide.mcu.externaltools.gnu-tools-for-stm32.9-2020-q2-update.win32_1.5.0.202011040924/tools/bin/../lib/gcc/arm-none-eabi/9.3.1/../../../../arm-none-eabi/lib/thumb/v7-m/nofp\libc_nano.a(lib_a-init.o)
 .debug_frame   0x0000000000005534       0x28 c:/st/stm32cubeide_1.6.0/stm32cubeide/plugins/com.st.stm32cube.ide.mcu.externaltools.gnu-tools-for-stm32.9-2020-q2-update.win32_1.5.0.202011040924/tools/bin/../lib/gcc/arm-none-eabi/9.3.1/../../../../arm-none-eabi/lib/thumb/v7-m/nofp\libc_nano.a(lib_a-memcpy-stub.o)
 .debug_frame   0x000000000000555c       0x20 c:/st/stm32cubeide_1.6.0/stm32cubeide/plugins/com.st.stm32cube.ide.mcu.externaltools.gnu-tools-for-stm32.9-2020-q2-update.win32_1.5.0.202011040924/tools/bin/../lib/gcc/arm-none-eabi/9.3.1/../../../../arm-none-eabi/lib/thumb/v7-m/nofp\libc_nano.a(lib_a-memset.o)
 .debug_frame   0x000000000000557c       0x28 c:/st/stm32cubeide_1.6.0/stm32cubeide/plugins/com.st.stm32cube.ide.mcu.externaltools.gnu-tools-for-stm32.9-2020-q2-update.win32_1.5.0.202011040924/tools/bin/../lib/gcc/arm-none-eabi/9.3.1/../../../../arm-none-eabi/lib/thumb/v7-m/nofp\libc_nano.a(lib_a-strncmp.o)
